Copyright 1986-2022 Xilinx, Inc. All Rights Reserved. Copyright 2022-2025 Advanced Micro Devices, Inc. All Rights Reserved.
---------------------------------------------------------------------------------------------------------------------------------------------
| Tool Version : Vivado v.2025.2 (win64) Build 6299465 Fri Nov 14 19:35:11 GMT 2025
| Date         : Mon May 18 12:30:36 2026
| Host         : DESKTOP-6JLD9LJ running 64-bit major release  (build 9200)
| Command      : report_timing_summary -file digilent_nexys4ddr_timing_synth.rpt
| Design       : digilent_nexys4ddr
| Device       : 7a100t-csg324
| Speed File   : -1  PRODUCTION 1.23 2018-06-13
| Design State : Synthesized
---------------------------------------------------------------------------------------------------------------------------------------------

Timing Summary Report

------------------------------------------------------------------------------------------------
| Timer Settings
| --------------
------------------------------------------------------------------------------------------------

  Enable Multi Corner Analysis               :  Yes
  Enable Pessimism Removal                   :  Yes
  Pessimism Removal Resolution               :  Nearest Common Node
  Enable Input Delay Default Clock           :  No
  Enable Preset / Clear Arcs                 :  No
  Disable Flight Delays                      :  No
  Ignore I/O Paths                           :  No
  Timing Early Launch at Borrowing Latches   :  No
  Borrow Time for Max Delay Exceptions       :  Yes
  Merge Timing Exceptions                    :  Yes
  Inter-SLR Compensation                     :  Conservative

  Corner  Analyze    Analyze    
  Name    Max Paths  Min Paths  
  ------  ---------  ---------  
  Slow    Yes        Yes        
  Fast    Yes        Yes        


------------------------------------------------------------------------------------------------
| Report Methodology
| ------------------
------------------------------------------------------------------------------------------------

No report available as report_methodology has not been run prior. Run report_methodology on the current design for the summary of methodology violations.



check_timing report

Table of Contents
-----------------
1. checking no_clock (0)
2. checking constant_clock (0)
3. checking pulse_width_clock (0)
4. checking unconstrained_internal_endpoints (0)
5. checking no_input_delay (18)
6. checking no_output_delay (44)
7. checking multiple_clock (0)
8. checking generated_clocks (0)
9. checking loops (0)
10. checking partial_input_delay (0)
11. checking partial_output_delay (0)
12. checking latch_loops (0)

1. checking no_clock (0)
------------------------
 There are 0 register/latch pins with no clock.


2. checking constant_clock (0)
------------------------------
 There are 0 register/latch pins with constant_clock.


3. checking pulse_width_clock (0)
---------------------------------
 There are 0 register/latch pins which need pulse_width check


4. checking unconstrained_internal_endpoints (0)
------------------------------------------------
 There are 0 pins that are not constrained for maximum delay.

 There are 0 pins that are not constrained for maximum delay due to constant clock.


5. checking no_input_delay (18)
-------------------------------
 There are 18 input ports with no input delay specified. (HIGH)

 There are 0 input ports with no input delay but user has a false path constraint.


6. checking no_output_delay (44)
--------------------------------
 There are 44 ports with no output delay specified. (HIGH)

 There are 0 ports with no output delay but user has a false path constraint

 There are 0 ports with no output delay but with a timing clock defined on it or propagating through it


7. checking multiple_clock (0)
------------------------------
 There are 0 register/latch pins with multiple clocks.


8. checking generated_clocks (0)
--------------------------------
 There are 0 generated clocks that are not connected to a clock source.


9. checking loops (0)
---------------------
 There are 0 combinational loops in the design.


10. checking partial_input_delay (0)
------------------------------------
 There are 0 input ports with partial input delay specified.


11. checking partial_output_delay (0)
-------------------------------------
 There are 0 ports with partial output delay specified.


12. checking latch_loops (0)
----------------------------
 There are 0 combinational latch loops in the design through latch input



------------------------------------------------------------------------------------------------
| Design Timing Summary
| ---------------------
------------------------------------------------------------------------------------------------

    WNS(ns)      TNS(ns)  TNS Failing Endpoints  TNS Total Endpoints      WHS(ns)      THS(ns)  THS Failing Endpoints  THS Total Endpoints     WPWS(ns)     TPWS(ns)  TPWS Failing Endpoints  TPWS Total Endpoints  
    -------      -------  ---------------------  -------------------      -------      -------  ---------------------  -------------------     --------     --------  ----------------------  --------------------  
     -6.086     -209.252                     96                20748        0.022        0.000                      0                20748        0.264        0.000                       0                  6788  


Timing constraints are not met.


------------------------------------------------------------------------------------------------
| Clock Summary
| -------------
------------------------------------------------------------------------------------------------

Clock               Waveform(ns)         Period(ns)      Frequency(MHz)
-----               ------------         ----------      --------------
clk100              {0.000 5.000}        10.000          100.000         
  builder_pll_fb    {0.000 5.000}        10.000          100.000         
  main_crg_clkout0  {0.000 5.000}        10.000          100.000         
  main_crg_clkout1  {0.000 2.500}        5.000           200.000         
  main_crg_clkout2  {1.250 3.750}        5.000           200.000         
  main_crg_clkout3  {0.000 2.500}        5.000           200.000         


------------------------------------------------------------------------------------------------
| Intra Clock Table
| -----------------
------------------------------------------------------------------------------------------------

Clock                   WNS(ns)      TNS(ns)  TNS Failing Endpoints  TNS Total Endpoints      WHS(ns)      THS(ns)  THS Failing Endpoints  THS Total Endpoints     WPWS(ns)     TPWS(ns)  TPWS Failing Endpoints  TPWS Total Endpoints  
-----                   -------      -------  ---------------------  -------------------      -------      -------  ---------------------  -------------------     --------     --------  ----------------------  --------------------  
clk100                    8.788        0.000                      0                    7        0.152        0.000                      0                    7        3.000        0.000                       0                    10  
  builder_pll_fb                                                                                                                                                      8.751        0.000                       0                     2  
  main_crg_clkout0       -6.086     -209.252                     96                20727        0.022        0.000                      0                20727        3.750        0.000                       0                  6687  
  main_crg_clkout1                                                                                                                                                    2.845        0.000                       0                    75  
  main_crg_clkout2                                                                                                                                                    2.845        0.000                       0                     4  
  main_crg_clkout3        1.068        0.000                      0                   14        0.045        0.000                      0                   14        0.264        0.000                       0                    10  


------------------------------------------------------------------------------------------------
| Inter Clock Table
| -----------------
------------------------------------------------------------------------------------------------

From Clock    To Clock          WNS(ns)      TNS(ns)  TNS Failing Endpoints  TNS Total Endpoints      WHS(ns)      THS(ns)  THS Failing Endpoints  THS Total Endpoints  
----------    --------          -------      -------  ---------------------  -------------------      -------      -------  ---------------------  -------------------  


------------------------------------------------------------------------------------------------
| Other Path Groups Table
| -----------------------
------------------------------------------------------------------------------------------------

Path Group    From Clock    To Clock          WNS(ns)      TNS(ns)  TNS Failing Endpoints  TNS Total Endpoints      WHS(ns)      THS(ns)  THS Failing Endpoints  THS Total Endpoints  
----------    ----------    --------          -------      -------  ---------------------  -------------------      -------      -------  ---------------------  -------------------  


------------------------------------------------------------------------------------------------
| Timing Details
| --------------
------------------------------------------------------------------------------------------------


---------------------------------------------------------------------------------------------------
From Clock:  clk100
  To Clock:  clk100

Setup :            0  Failing Endpoints,  Worst Slack        8.788ns,  Total Violation        0.000ns
Hold  :            0  Failing Endpoints,  Worst Slack        0.152ns,  Total Violation        0.000ns
PW    :            0  Failing Endpoints,  Worst Slack        3.000ns,  Total Violation        0.000ns
---------------------------------------------------------------------------------------------------


Max Delay Paths
--------------------------------------------------------------------------------------
Slack (MET) :             8.788ns  (required time - arrival time)
  Source:                 FDCE/C
                            (rising edge-triggered cell FDCE clocked by clk100  {rise@0.000ns fall@5.000ns period=10.000ns})
  Destination:            FDCE_1/D
                            (rising edge-triggered cell FDCE clocked by clk100  {rise@0.000ns fall@5.000ns period=10.000ns})
  Path Group:             clk100
  Path Type:              Setup (Max at Slow Process Corner)
  Requirement:            10.000ns  (clk100 rise@10.000ns - clk100 rise@0.000ns)
  Data Path Delay:        0.812ns  (logic 0.478ns (58.867%)  route 0.334ns (41.133%))
  Logic Levels:           0  
  Clock Path Skew:        -0.145ns (DCD - SCD + CPR)
    Destination Clock Delay (DCD):    2.704ns = ( 12.704 - 10.000 ) 
    Source Clock Delay      (SCD):    2.965ns
    Clock Pessimism Removal (CPR):    0.116ns
  Clock Uncertainty:      0.035ns  ((TSJ^2 + TIJ^2)^1/2 + DJ) / 2 + PE
    Total System Jitter     (TSJ):    0.071ns
    Total Input Jitter      (TIJ):    0.000ns
    Discrete Jitter          (DJ):    0.000ns
    Phase Error              (PE):    0.000ns

    Location             Delay type                Incr(ns)  Path(ns)    Netlist Resource(s)
  -------------------------------------------------------------------    -------------------
                         (clock clk100 rise edge)     0.000     0.000 r  
    E3                                                0.000     0.000 r  clk100 (IN)
                         net (fo=0)                   0.000     0.000    clk100
    E3                   IBUF (Prop_ibuf_I_O)         1.482     1.482 r  clk100_IBUF_inst/O
                         net (fo=1, unplaced)         0.803     2.285    clk100_IBUF
                         BUFG (Prop_bufg_I_O)         0.096     2.381 r  clk100_IBUF_BUFG_inst/O
                         net (fo=9, unplaced)         0.584     2.965    main_crg_clkin
                         FDCE                                         r  FDCE/C
  -------------------------------------------------------------------    -------------------
                         FDCE (Prop_fdce_C_Q)         0.478     3.443 r  FDCE/Q
                         net (fo=1, unplaced)         0.334     3.777    builder_reset0
                         FDCE                                         r  FDCE_1/D
  -------------------------------------------------------------------    -------------------

                         (clock clk100 rise edge)    10.000    10.000 r  
    E3                                                0.000    10.000 r  clk100 (IN)
                         net (fo=0)                   0.000    10.000    clk100
    E3                   IBUF (Prop_ibuf_I_O)         1.411    11.411 r  clk100_IBUF_inst/O
                         net (fo=1, unplaced)         0.763    12.174    clk100_IBUF
                         BUFG (Prop_bufg_I_O)         0.091    12.265 r  clk100_IBUF_BUFG_inst/O
                         net (fo=9, unplaced)         0.439    12.704    main_crg_clkin
                         FDCE                                         r  FDCE_1/C
                         clock pessimism              0.116    12.820    
                         clock uncertainty           -0.035    12.784    
                         FDCE (Setup_fdce_C_D)       -0.220    12.564    FDCE_1
  -------------------------------------------------------------------
                         required time                         12.564    
                         arrival time                          -3.777    
  -------------------------------------------------------------------
                         slack                                  8.788    





Min Delay Paths
--------------------------------------------------------------------------------------
Slack (MET) :             0.152ns  (arrival time - required time)
  Source:                 FDCE/C
                            (rising edge-triggered cell FDCE clocked by clk100  {rise@0.000ns fall@5.000ns period=10.000ns})
  Destination:            FDCE_1/D
                            (rising edge-triggered cell FDCE clocked by clk100  {rise@0.000ns fall@5.000ns period=10.000ns})
  Path Group:             clk100
  Path Type:              Hold (Min at Fast Process Corner)
  Requirement:            0.000ns  (clk100 rise@0.000ns - clk100 rise@0.000ns)
  Data Path Delay:        0.288ns  (logic 0.147ns (51.079%)  route 0.141ns (48.921%))
  Logic Levels:           0  
  Clock Path Skew:        0.145ns (DCD - SCD - CPR)
    Destination Clock Delay (DCD):    1.082ns
    Source Clock Delay      (SCD):    0.728ns
    Clock Pessimism Removal (CPR):    0.209ns

    Location             Delay type                Incr(ns)  Path(ns)    Netlist Resource(s)
  -------------------------------------------------------------------    -------------------
                         (clock clk100 rise edge)     0.000     0.000 r  
    E3                                                0.000     0.000 r  clk100 (IN)
                         net (fo=0)                   0.000     0.000    clk100
    E3                   IBUF (Prop_ibuf_I_O)         0.250     0.250 r  clk100_IBUF_inst/O
                         net (fo=1, unplaced)         0.338     0.588    clk100_IBUF
                         BUFG (Prop_bufg_I_O)         0.026     0.614 r  clk100_IBUF_BUFG_inst/O
                         net (fo=9, unplaced)         0.114     0.728    main_crg_clkin
                         FDCE                                         r  FDCE/C
  -------------------------------------------------------------------    -------------------
                         FDCE (Prop_fdce_C_Q)         0.147     0.875 r  FDCE/Q
                         net (fo=1, unplaced)         0.141     1.016    builder_reset0
                         FDCE                                         r  FDCE_1/D
  -------------------------------------------------------------------    -------------------

                         (clock clk100 rise edge)     0.000     0.000 r  
    E3                                                0.000     0.000 r  clk100 (IN)
                         net (fo=0)                   0.000     0.000    clk100
    E3                   IBUF (Prop_ibuf_I_O)         0.438     0.438 r  clk100_IBUF_inst/O
                         net (fo=1, unplaced)         0.356     0.794    clk100_IBUF
                         BUFG (Prop_bufg_I_O)         0.029     0.823 r  clk100_IBUF_BUFG_inst/O
                         net (fo=9, unplaced)         0.259     1.082    main_crg_clkin
                         FDCE                                         r  FDCE_1/C
                         clock pessimism             -0.209     0.873    
                         FDCE (Hold_fdce_C_D)        -0.009     0.864    FDCE_1
  -------------------------------------------------------------------
                         required time                         -0.864    
                         arrival time                           1.016    
  -------------------------------------------------------------------
                         slack                                  0.152    





Pulse Width Checks
--------------------------------------------------------------------------------------
Clock Name:         clk100
Waveform(ns):       { 0.000 5.000 }
Period(ns):         10.000
Sources:            { clk100 }

Check Type        Corner  Lib Pin           Reference Pin  Required(ns)  Actual(ns)  Slack(ns)  Location  Pin
Min Period        n/a     BUFG/I            n/a            2.155         10.000      7.845                clk100_IBUF_BUFG_inst/I
Max Period        n/a     PLLE2_ADV/CLKIN1  n/a            52.633        10.000      42.633               PLLE2_ADV/CLKIN1
Low Pulse Width   Slow    PLLE2_ADV/CLKIN1  n/a            2.000         5.000       3.000                PLLE2_ADV/CLKIN1
High Pulse Width  Slow    PLLE2_ADV/CLKIN1  n/a            2.000         5.000       3.000                PLLE2_ADV/CLKIN1



---------------------------------------------------------------------------------------------------
From Clock:  builder_pll_fb
  To Clock:  builder_pll_fb

Setup :           NA  Failing Endpoints,  Worst Slack           NA  ,  Total Violation           NA
Hold  :           NA  Failing Endpoints,  Worst Slack           NA  ,  Total Violation           NA
PW    :            0  Failing Endpoints,  Worst Slack        8.751ns,  Total Violation        0.000ns
---------------------------------------------------------------------------------------------------


Pulse Width Checks
--------------------------------------------------------------------------------------
Clock Name:         builder_pll_fb
Waveform(ns):       { 0.000 5.000 }
Period(ns):         10.000
Sources:            { PLLE2_ADV/CLKFBOUT }

Check Type  Corner  Lib Pin             Reference Pin  Required(ns)  Actual(ns)  Slack(ns)  Location  Pin
Min Period  n/a     PLLE2_ADV/CLKFBOUT  n/a            1.249         10.000      8.751                PLLE2_ADV/CLKFBOUT
Max Period  n/a     PLLE2_ADV/CLKFBIN   n/a            52.633        10.000      42.633               PLLE2_ADV/CLKFBIN



---------------------------------------------------------------------------------------------------
From Clock:  main_crg_clkout0
  To Clock:  main_crg_clkout0

Setup :           96  Failing Endpoints,  Worst Slack       -6.086ns,  Total Violation     -209.252ns
Hold  :            0  Failing Endpoints,  Worst Slack        0.022ns,  Total Violation        0.000ns
PW    :            0  Failing Endpoints,  Worst Slack        3.750ns,  Total Violation        0.000ns
---------------------------------------------------------------------------------------------------


Max Delay Paths
--------------------------------------------------------------------------------------
Slack (VIOLATED) :        -6.086ns  (required time - arrival time)
  Source:                 main_ctrl_storage_reg[4]/C
                            (rising edge-triggered cell FDRE clocked by main_crg_clkout0  {rise@0.000ns fall@5.000ns period=10.000ns})
  Destination:            gemv_core/acc_reg[31]/D
                            (rising edge-triggered cell FDRE clocked by main_crg_clkout0  {rise@0.000ns fall@5.000ns period=10.000ns})
  Path Group:             main_crg_clkout0
  Path Type:              Setup (Max at Slow Process Corner)
  Requirement:            10.000ns  (main_crg_clkout0 rise@10.000ns - main_crg_clkout0 rise@0.000ns)
  Data Path Delay:        15.928ns  (logic 7.605ns (47.746%)  route 8.323ns (52.254%))
  Logic Levels:           23  (CARRY4=11 LUT1=1 LUT2=4 LUT3=2 LUT6=4 RAMD64E=1)
  Clock Path Skew:        -0.145ns (DCD - SCD + CPR)
    Destination Clock Delay (DCD):    4.299ns = ( 14.299 - 10.000 ) 
    Source Clock Delay      (SCD):    4.754ns
    Clock Pessimism Removal (CPR):    0.311ns
  Clock Uncertainty:      0.057ns  ((TSJ^2 + DJ^2)^1/2) / 2 + PE
    Total System Jitter     (TSJ):    0.071ns
    Discrete Jitter          (DJ):    0.089ns
    Phase Error              (PE):    0.000ns

    Location             Delay type                Incr(ns)  Path(ns)    Netlist Resource(s)
  -------------------------------------------------------------------    -------------------
                         (clock main_crg_clkout0 rise edge)
                                                      0.000     0.000 r  
    E3                                                0.000     0.000 r  clk100 (IN)
                         net (fo=0)                   0.000     0.000    clk100
    E3                   IBUF (Prop_ibuf_I_O)         1.482     1.482 r  clk100_IBUF_inst/O
                         net (fo=1, unplaced)         0.803     2.285    clk100_IBUF
                         BUFG (Prop_bufg_I_O)         0.096     2.381 r  clk100_IBUF_BUFG_inst/O
                         net (fo=9, unplaced)         0.584     2.965    main_crg_clkin
                         PLLE2_ADV (Prop_plle2_adv_CLKIN1_CLKOUT0)
                                                      0.088     3.053 r  PLLE2_ADV/CLKOUT0
                         net (fo=1, unplaced)         0.803     3.856    main_crg_clkout0
                         BUFG (Prop_bufg_I_O)         0.096     3.952 r  BUFG/O
                         net (fo=6685, unplaced)      0.803     4.754    main_crg_clkout_buf0
                         FDRE                                         r  main_ctrl_storage_reg[4]/C
  -------------------------------------------------------------------    -------------------
                         FDRE (Prop_fdre_C_Q)         0.478     5.232 r  main_ctrl_storage_reg[4]/Q
                         net (fo=27, unplaced)        0.830     6.062    gemv_core/builder_interface3_bank_bus_dat_r_reg[7]_0[4]
                         LUT3 (Prop_lut3_I0_O)        0.295     6.357 r  gemv_core/w_mem_reg_0_63_0_2_i_4/O
                         net (fo=144, unplaced)       0.841     7.198    gemv_core/w_mem_reg_704_767_24_26/ADDRC3
                         RAMD64E (Prop_ramd64e_RADR3_O)
                                                      0.124     7.322 f  gemv_core/w_mem_reg_704_767_24_26/RAMC/O
                         net (fo=1, unplaced)         0.964     8.286    gemv_core/w_mem_reg_704_767_24_26_n_2
                         LUT6 (Prop_lut6_I0_O)        0.124     8.410 f  gemv_core/acc[0]_i_182/O
                         net (fo=1, unplaced)         0.732     9.142    gemv_core/acc[0]_i_182_n_0
                         LUT6 (Prop_lut6_I1_O)        0.124     9.266 f  gemv_core/acc[0]_i_128/O
                         net (fo=17, unplaced)        0.505     9.771    gemv_core/B[2]
                         LUT2 (Prop_lut2_I1_O)        0.124     9.895 r  gemv_core/acc[31]_i_301/O
                         net (fo=2, unplaced)         0.975    10.870    gemv_core/acc[31]_i_301_n_0
                         LUT6 (Prop_lut6_I0_O)        0.124    10.994 r  gemv_core/acc[31]_i_245/O
                         net (fo=1, unplaced)         0.000    10.994    gemv_core/acc[31]_i_245_n_0
                         CARRY4 (Prop_carry4_S[1]_O[2])
                                                      0.578    11.572 r  gemv_core/acc_reg[31]_i_149/O[2]
                         net (fo=3, unplaced)         0.470    12.042    gemv_core/acc_reg[31]_i_149_n_5
                         LUT3 (Prop_lut3_I2_O)        0.301    12.343 r  gemv_core/acc[31]_i_137/O
                         net (fo=1, unplaced)         0.473    12.816    gemv_core/acc[31]_i_137_n_0
                         CARRY4 (Prop_carry4_DI[3]_CO[3])
                                                      0.396    13.212 r  gemv_core/acc_reg[31]_i_95/CO[3]
                         net (fo=1, unplaced)         0.000    13.212    gemv_core/acc_reg[31]_i_95_n_0
                         CARRY4 (Prop_carry4_CI_O[1])
                                                      0.337    13.549 r  gemv_core/acc_reg[31]_i_71/O[1]
                         net (fo=2, unplaced)         0.622    14.171    gemv_core/dot40[9]
                         LUT2 (Prop_lut2_I0_O)        0.306    14.477 r  gemv_core/acc[31]_i_74/O
                         net (fo=1, unplaced)         0.000    14.477    gemv_core/acc[31]_i_74_n_0
                         CARRY4 (Prop_carry4_S[1]_CO[3])
                                                      0.533    15.010 r  gemv_core/acc_reg[31]_i_51/CO[3]
                         net (fo=1, unplaced)         0.000    15.010    gemv_core/acc_reg[31]_i_51_n_0
                         CARRY4 (Prop_carry4_CI_O[3])
                                                      0.331    15.341 f  gemv_core/acc_reg[31]_i_42/O[3]
                         net (fo=4, unplaced)         0.472    15.813    gemv_core/acc_reg[31]_i_42_n_4
                         LUT1 (Prop_lut1_I0_O)        0.302    16.115 r  gemv_core/acc[31]_i_45/O
                         net (fo=1, unplaced)         0.000    16.115    gemv_core/acc[31]_i_45_n_0
                         CARRY4 (Prop_carry4_DI[3]_CO[3])
                                                      0.429    16.544 r  gemv_core/acc_reg[31]_i_23/CO[3]
                         net (fo=1, unplaced)         0.000    16.544    gemv_core/acc_reg[31]_i_23_n_0
                         CARRY4 (Prop_carry4_CI_O[0])
                                                      0.232    16.776 r  gemv_core/acc_reg[31]_i_22/O[0]
                         net (fo=3, unplaced)         0.488    17.264    gemv_core/C[16]
                         LUT2 (Prop_lut2_I0_O)        0.295    17.559 r  gemv_core/acc[31]_i_24/O
                         net (fo=1, unplaced)         0.000    17.559    gemv_core/acc[31]_i_24_n_0
                         CARRY4 (Prop_carry4_S[1]_CO[2])
                                                      0.574    18.133 r  gemv_core/acc_reg[31]_i_13/CO[2]
                         net (fo=14, unplaced)        0.503    18.636    gemv_core/acc_reg[31]_i_13_n_1
                         LUT2 (Prop_lut2_I1_O)        0.310    18.946 r  gemv_core/acc[20]_i_6/O
                         net (fo=1, unplaced)         0.000    18.946    gemv_core/acc[20]_i_6_n_0
                         CARRY4 (Prop_carry4_S[1]_CO[3])
                                                      0.533    19.479 r  gemv_core/acc_reg[20]_i_2/CO[3]
                         net (fo=1, unplaced)         0.000    19.479    gemv_core/acc_reg[20]_i_2_n_0
                         CARRY4 (Prop_carry4_CI_CO[3])
                                                      0.117    19.596 r  gemv_core/acc_reg[24]_i_2/CO[3]
                         net (fo=1, unplaced)         0.000    19.596    gemv_core/acc_reg[24]_i_2_n_0
                         CARRY4 (Prop_carry4_CI_O[3])
                                                      0.331    19.927 r  gemv_core/acc_reg[31]_i_3/O[3]
                         net (fo=1, unplaced)         0.448    20.375    gemv_core/acc0__13[31]
                         LUT6 (Prop_lut6_I0_O)        0.307    20.682 r  gemv_core/acc[31]_i_2/O
                         net (fo=1, unplaced)         0.000    20.682    gemv_core/acc[31]_i_2_n_0
                         FDRE                                         r  gemv_core/acc_reg[31]/D
  -------------------------------------------------------------------    -------------------

                         (clock main_crg_clkout0 rise edge)
                                                     10.000    10.000 r  
    E3                                                0.000    10.000 r  clk100 (IN)
                         net (fo=0)                   0.000    10.000    clk100
    E3                   IBUF (Prop_ibuf_I_O)         1.411    11.411 r  clk100_IBUF_inst/O
                         net (fo=1, unplaced)         0.763    12.174    clk100_IBUF
                         BUFG (Prop_bufg_I_O)         0.091    12.265 r  clk100_IBUF_BUFG_inst/O
                         net (fo=9, unplaced)         0.439    12.704    main_crg_clkin
                         PLLE2_ADV (Prop_plle2_adv_CLKIN1_CLKOUT0)
                                                      0.083    12.787 r  PLLE2_ADV/CLKOUT0
                         net (fo=1, unplaced)         0.763    13.550    main_crg_clkout0
                         BUFG (Prop_bufg_I_O)         0.091    13.641 r  BUFG/O
                         net (fo=6685, unplaced)      0.658    14.299    gemv_core/main_crg_clkout_buf0
                         FDRE                                         r  gemv_core/acc_reg[31]/C
                         clock pessimism              0.311    14.609    
                         clock uncertainty           -0.057    14.553    
                         FDRE (Setup_fdre_C_D)        0.044    14.597    gemv_core/acc_reg[31]
  -------------------------------------------------------------------
                         required time                         14.597    
                         arrival time                         -20.682    
  -------------------------------------------------------------------
                         slack                                 -6.086    





Min Delay Paths
--------------------------------------------------------------------------------------
Slack (MET) :             0.022ns  (arrival time - required time)
  Source:                 main_a7ddrphy_rst_storage_reg/C
                            (rising edge-triggered cell FDRE clocked by main_crg_clkout0  {rise@0.000ns fall@5.000ns period=10.000ns})
  Destination:            OSERDESE2/RST
                            (rising edge-triggered cell OSERDESE2 clocked by main_crg_clkout0  {rise@0.000ns fall@5.000ns period=10.000ns})
  Path Group:             main_crg_clkout0
  Path Type:              Hold (Min at Fast Process Corner)
  Requirement:            0.000ns  (main_crg_clkout0 rise@0.000ns - main_crg_clkout0 rise@0.000ns)
  Data Path Delay:        0.726ns  (logic 0.245ns (33.732%)  route 0.481ns (66.268%))
  Logic Levels:           1  (LUT2=1)
  Clock Path Skew:        0.145ns (DCD - SCD - CPR)
    Destination Clock Delay (DCD):    1.876ns
    Source Clock Delay      (SCD):    1.354ns
    Clock Pessimism Removal (CPR):    0.377ns

    Location             Delay type                Incr(ns)  Path(ns)    Netlist Resource(s)
  -------------------------------------------------------------------    -------------------
                         (clock main_crg_clkout0 rise edge)
                                                      0.000     0.000 r  
    E3                                                0.000     0.000 r  clk100 (IN)
                         net (fo=0)                   0.000     0.000    clk100
    E3                   IBUF (Prop_ibuf_I_O)         0.250     0.250 r  clk100_IBUF_inst/O
                         net (fo=1, unplaced)         0.338     0.588    clk100_IBUF
                         BUFG (Prop_bufg_I_O)         0.026     0.614 r  clk100_IBUF_BUFG_inst/O
                         net (fo=9, unplaced)         0.114     0.728    main_crg_clkin
                         PLLE2_ADV (Prop_plle2_adv_CLKIN1_CLKOUT0)
                                                      0.050     0.778 r  PLLE2_ADV/CLKOUT0
                         net (fo=1, unplaced)         0.338     1.116    main_crg_clkout0
                         BUFG (Prop_bufg_I_O)         0.026     1.142 r  BUFG/O
                         net (fo=6685, unplaced)      0.211     1.354    main_crg_clkout_buf0
                         FDRE                                         r  main_a7ddrphy_rst_storage_reg/C
  -------------------------------------------------------------------    -------------------
                         FDRE (Prop_fdre_C_Q)         0.147     1.501 r  main_a7ddrphy_rst_storage_reg/Q
                         net (fo=5, unplaced)         0.143     1.644    main_a7ddrphy_rst_storage
                         LUT2 (Prop_lut2_I1_O)        0.098     1.742 r  OSERDESE2_i_1/O
                         net (fo=63, unplaced)        0.338     2.080    RST0
    OLOGIC_X1Y88         OSERDESE2                                    r  OSERDESE2/RST
  -------------------------------------------------------------------    -------------------

                         (clock main_crg_clkout0 rise edge)
                                                      0.000     0.000 r  
    E3                                                0.000     0.000 r  clk100 (IN)
                         net (fo=0)                   0.000     0.000    clk100
    E3                   IBUF (Prop_ibuf_I_O)         0.438     0.438 r  clk100_IBUF_inst/O
                         net (fo=1, unplaced)         0.356     0.794    clk100_IBUF
                         BUFG (Prop_bufg_I_O)         0.029     0.823 r  clk100_IBUF_BUFG_inst/O
                         net (fo=9, unplaced)         0.259     1.082    main_crg_clkin
                         PLLE2_ADV (Prop_plle2_adv_CLKIN1_CLKOUT0)
                                                      0.053     1.135 r  PLLE2_ADV/CLKOUT0
                         net (fo=1, unplaced)         0.356     1.491    main_crg_clkout0
                         BUFG (Prop_bufg_I_O)         0.029     1.520 r  BUFG/O
                         net (fo=6685, unplaced)      0.356     1.876    main_crg_clkout_buf0
    OLOGIC_X1Y88         OSERDESE2                                    r  OSERDESE2/CLKDIV
                         clock pessimism             -0.377     1.499    
    OLOGIC_X1Y88         OSERDESE2 (Hold_oserdese2_CLKDIV_RST)
                                                      0.559     2.058    OSERDESE2
  -------------------------------------------------------------------
                         required time                         -2.058    
                         arrival time                           2.080    
  -------------------------------------------------------------------
                         slack                                  0.022    





Pulse Width Checks
--------------------------------------------------------------------------------------
Clock Name:         main_crg_clkout0
Waveform(ns):       { 0.000 5.000 }
Period(ns):         10.000
Sources:            { PLLE2_ADV/CLKOUT0 }

Check Type        Corner  Lib Pin             Reference Pin  Required(ns)  Actual(ns)  Slack(ns)  Location  Pin
Min Period        n/a     RAMB18E1/CLKARDCLK  n/a            2.944         10.000      7.056                VexRiscv/RegFilePlugin_regFile_reg_1/CLKARDCLK
Max Period        n/a     PLLE2_ADV/CLKOUT0   n/a            160.000       10.000      150.000              PLLE2_ADV/CLKOUT0
Low Pulse Width   Slow    RAMD64E/CLK         n/a            1.250         5.000       3.750                gemv_core/w_mem_reg_0_63_0_2/RAMA/CLK
High Pulse Width  Slow    RAMD64E/CLK         n/a            1.250         5.000       3.750                gemv_core/w_mem_reg_0_63_0_2/RAMA/CLK



---------------------------------------------------------------------------------------------------
From Clock:  main_crg_clkout1
  To Clock:  main_crg_clkout1

Setup :           NA  Failing Endpoints,  Worst Slack           NA  ,  Total Violation           NA
Hold  :           NA  Failing Endpoints,  Worst Slack           NA  ,  Total Violation           NA
PW    :            0  Failing Endpoints,  Worst Slack        2.845ns,  Total Violation        0.000ns
---------------------------------------------------------------------------------------------------


Pulse Width Checks
--------------------------------------------------------------------------------------
Clock Name:         main_crg_clkout1
Waveform(ns):       { 0.000 2.500 }
Period(ns):         5.000
Sources:            { PLLE2_ADV/CLKOUT1 }

Check Type  Corner  Lib Pin            Reference Pin  Required(ns)  Actual(ns)  Slack(ns)  Location  Pin
Min Period  n/a     BUFG/I             n/a            2.155         5.000       2.845                BUFG_1/I
Max Period  n/a     PLLE2_ADV/CLKOUT1  n/a            160.000       5.000       155.000              PLLE2_ADV/CLKOUT1



---------------------------------------------------------------------------------------------------
From Clock:  main_crg_clkout2
  To Clock:  main_crg_clkout2

Setup :           NA  Failing Endpoints,  Worst Slack           NA  ,  Total Violation           NA
Hold  :           NA  Failing Endpoints,  Worst Slack           NA  ,  Total Violation           NA
PW    :            0  Failing Endpoints,  Worst Slack        2.845ns,  Total Violation        0.000ns
---------------------------------------------------------------------------------------------------


Pulse Width Checks
--------------------------------------------------------------------------------------
Clock Name:         main_crg_clkout2
Waveform(ns):       { 1.250 3.750 }
Period(ns):         5.000
Sources:            { PLLE2_ADV/CLKOUT2 }

Check Type  Corner  Lib Pin            Reference Pin  Required(ns)  Actual(ns)  Slack(ns)  Location  Pin
Min Period  n/a     BUFG/I             n/a            2.155         5.000       2.845                BUFG_2/I
Max Period  n/a     PLLE2_ADV/CLKOUT2  n/a            160.000       5.000       155.000              PLLE2_ADV/CLKOUT2



---------------------------------------------------------------------------------------------------
From Clock:  main_crg_clkout3
  To Clock:  main_crg_clkout3

Setup :            0  Failing Endpoints,  Worst Slack        1.068ns,  Total Violation        0.000ns
Hold  :            0  Failing Endpoints,  Worst Slack        0.045ns,  Total Violation        0.000ns
PW    :            0  Failing Endpoints,  Worst Slack        0.264ns,  Total Violation        0.000ns
---------------------------------------------------------------------------------------------------


Max Delay Paths
--------------------------------------------------------------------------------------
Slack (MET) :             1.068ns  (required time - arrival time)
  Source:                 FDPE_6/C
                            (rising edge-triggered cell FDPE clocked by main_crg_clkout3  {rise@0.000ns fall@2.500ns period=5.000ns})
  Destination:            FDPE_7/D
                            (rising edge-triggered cell FDPE clocked by main_crg_clkout3  {rise@0.000ns fall@2.500ns period=5.000ns})
  Path Group:             main_crg_clkout3
  Path Type:              Setup (Max at Slow Process Corner)
  Requirement:            2.000ns  (MaxDelay Path 2.000ns)
  Data Path Delay:        0.670ns  (logic 0.478ns (71.343%)  route 0.192ns (28.657%))
  Logic Levels:           0  
  Clock Path Skew:        -0.145ns (DCD - SCD + CPR)
    Destination Clock Delay (DCD):    4.080ns
    Source Clock Delay      (SCD):    4.536ns
    Clock Pessimism Removal (CPR):    0.311ns
  Clock Uncertainty:      0.053ns  ((TSJ^2 + DJ^2)^1/2) / 2 + PE
    Total System Jitter     (TSJ):    0.071ns
    Discrete Jitter          (DJ):    0.078ns
    Phase Error              (PE):    0.000ns
  Timing Exception:       MaxDelay Path 2.000ns

    Location             Delay type                Incr(ns)  Path(ns)    Netlist Resource(s)
  -------------------------------------------------------------------    -------------------
                         (clock main_crg_clkout3 rise edge)
                                                      0.000     0.000 r  
    E3                                                0.000     0.000 r  clk100 (IN)
                         net (fo=0)                   0.000     0.000    clk100
    E3                   IBUF (Prop_ibuf_I_O)         1.482     1.482 r  clk100_IBUF_inst/O
                         net (fo=1, unplaced)         0.803     2.285    clk100_IBUF
                         BUFG (Prop_bufg_I_O)         0.096     2.381 r  clk100_IBUF_BUFG_inst/O
                         net (fo=9, unplaced)         0.584     2.965    main_crg_clkin
                         PLLE2_ADV (Prop_plle2_adv_CLKIN1_CLKOUT3)
                                                      0.088     3.053 r  PLLE2_ADV/CLKOUT3
                         net (fo=1, unplaced)         0.803     3.856    main_crg_clkout3
                         BUFG (Prop_bufg_I_O)         0.096     3.952 r  BUFG_3/O
                         net (fo=8, unplaced)         0.584     4.536    idelay_clk
                         FDPE                                         r  FDPE_6/C
  -------------------------------------------------------------------    -------------------
                         FDPE (Prop_fdpe_C_Q)         0.478     5.014 r  FDPE_6/Q
                         net (fo=1, unplaced)         0.192     5.206    builder_xilinxasyncresetsynchronizerimpl3_rst_meta
                         FDPE                                         r  FDPE_7/D
  -------------------------------------------------------------------    -------------------

                         max delay                    2.000     2.000    
    E3                                                0.000     2.000 r  clk100 (IN)
                         net (fo=0)                   0.000     2.000    clk100
    E3                   IBUF (Prop_ibuf_I_O)         1.411     3.411 r  clk100_IBUF_inst/O
                         net (fo=1, unplaced)         0.763     4.174    clk100_IBUF
                         BUFG (Prop_bufg_I_O)         0.091     4.265 r  clk100_IBUF_BUFG_inst/O
                         net (fo=9, unplaced)         0.439     4.704    main_crg_clkin
                         PLLE2_ADV (Prop_plle2_adv_CLKIN1_CLKOUT3)
                                                      0.083     4.787 r  PLLE2_ADV/CLKOUT3
                         net (fo=1, unplaced)         0.763     5.550    main_crg_clkout3
                         BUFG (Prop_bufg_I_O)         0.091     5.641 r  BUFG_3/O
                         net (fo=8, unplaced)         0.439     6.080    idelay_clk
                         FDPE                                         r  FDPE_7/C
                         clock pessimism              0.311     6.391    
                         clock uncertainty           -0.053     6.338    
                         FDPE (Setup_fdpe_C_D)       -0.064     6.274    FDPE_7
  -------------------------------------------------------------------
                         required time                          6.274    
                         arrival time                          -5.206    
  -------------------------------------------------------------------
                         slack                                  1.068    





Min Delay Paths
--------------------------------------------------------------------------------------
Slack (MET) :             0.045ns  (arrival time - required time)
  Source:                 FDPE_6/C
                            (rising edge-triggered cell FDPE clocked by main_crg_clkout3  {rise@0.000ns fall@2.500ns period=5.000ns})
  Destination:            FDPE_7/D
                            (rising edge-triggered cell FDPE clocked by main_crg_clkout3  {rise@0.000ns fall@2.500ns period=5.000ns})
  Path Group:             main_crg_clkout3
  Path Type:              Hold (Min at Fast Process Corner)
  Requirement:            0.000ns  (main_crg_clkout3 rise@0.000ns - main_crg_clkout3 rise@0.000ns)
  Data Path Delay:        0.228ns  (logic 0.147ns (64.493%)  route 0.081ns (35.507%))
  Logic Levels:           0  
  Clock Path Skew:        0.145ns (DCD - SCD - CPR)
    Destination Clock Delay (DCD):    1.779ns
    Source Clock Delay      (SCD):    1.256ns
    Clock Pessimism Removal (CPR):    0.377ns

    Location             Delay type                Incr(ns)  Path(ns)    Netlist Resource(s)
  -------------------------------------------------------------------    -------------------
                         (clock main_crg_clkout3 rise edge)
                                                      0.000     0.000 r  
    E3                                                0.000     0.000 r  clk100 (IN)
                         net (fo=0)                   0.000     0.000    clk100
    E3                   IBUF (Prop_ibuf_I_O)         0.250     0.250 r  clk100_IBUF_inst/O
                         net (fo=1, unplaced)         0.338     0.588    clk100_IBUF
                         BUFG (Prop_bufg_I_O)         0.026     0.614 r  clk100_IBUF_BUFG_inst/O
                         net (fo=9, unplaced)         0.114     0.728    main_crg_clkin
                         PLLE2_ADV (Prop_plle2_adv_CLKIN1_CLKOUT3)
                                                      0.050     0.778 r  PLLE2_ADV/CLKOUT3
                         net (fo=1, unplaced)         0.338     1.116    main_crg_clkout3
                         BUFG (Prop_bufg_I_O)         0.026     1.142 r  BUFG_3/O
                         net (fo=8, unplaced)         0.114     1.256    idelay_clk
                         FDPE                                         r  FDPE_6/C
  -------------------------------------------------------------------    -------------------
                         FDPE (Prop_fdpe_C_Q)         0.147     1.403 r  FDPE_6/Q
                         net (fo=1, unplaced)         0.081     1.484    builder_xilinxasyncresetsynchronizerimpl3_rst_meta
                         FDPE                                         r  FDPE_7/D
  -------------------------------------------------------------------    -------------------

                         (clock main_crg_clkout3 rise edge)
                                                      0.000     0.000 r  
    E3                                                0.000     0.000 r  clk100 (IN)
                         net (fo=0)                   0.000     0.000    clk100
    E3                   IBUF (Prop_ibuf_I_O)         0.438     0.438 r  clk100_IBUF_inst/O
                         net (fo=1, unplaced)         0.356     0.794    clk100_IBUF
                         BUFG (Prop_bufg_I_O)         0.029     0.823 r  clk100_IBUF_BUFG_inst/O
                         net (fo=9, unplaced)         0.259     1.082    main_crg_clkin
                         PLLE2_ADV (Prop_plle2_adv_CLKIN1_CLKOUT3)
                                                      0.053     1.135 r  PLLE2_ADV/CLKOUT3
                         net (fo=1, unplaced)         0.356     1.491    main_crg_clkout3
                         BUFG (Prop_bufg_I_O)         0.029     1.520 r  BUFG_3/O
                         net (fo=8, unplaced)         0.259     1.779    idelay_clk
                         FDPE                                         r  FDPE_7/C
                         clock pessimism             -0.377     1.401    
                         FDPE (Hold_fdpe_C_D)         0.038     1.439    FDPE_7
  -------------------------------------------------------------------
                         required time                         -1.439    
                         arrival time                           1.484    
  -------------------------------------------------------------------
                         slack                                  0.045    





Pulse Width Checks
--------------------------------------------------------------------------------------
Clock Name:         main_crg_clkout3
Waveform(ns):       { 0.000 2.500 }
Period(ns):         5.000
Sources:            { PLLE2_ADV/CLKOUT3 }

Check Type        Corner  Lib Pin            Reference Pin  Required(ns)  Actual(ns)  Slack(ns)  Location  Pin
Min Period        n/a     IDELAYCTRL/REFCLK  n/a            3.225         5.000       1.775                IDELAYCTRL/REFCLK
Max Period        n/a     IDELAYCTRL/REFCLK  n/a            5.264         5.000       0.264                IDELAYCTRL/REFCLK
Low Pulse Width   Slow    FDPE/C             n/a            0.500         2.500       2.000                FDPE_6/C
High Pulse Width  Slow    FDPE/C             n/a            0.500         2.500       2.000                FDPE_6/C



