Copyright 1986-2022 Xilinx, Inc. All Rights Reserved. Copyright 2022-2025 Advanced Micro Devices, Inc. All Rights Reserved.
---------------------------------------------------------------------------------------------------------------------------------------------
| Tool Version : Vivado v.2025.2 (win64) Build 6299465 Fri Nov 14 19:35:11 GMT 2025
| Date         : Mon May 18 12:30:36 2026
| Host         : DESKTOP-6JLD9LJ running 64-bit major release  (build 9200)
| Command      : report_utilization -hierarchical -file digilent_nexys4ddr_utilization_hierarchical_synth.rpt
| Design       : digilent_nexys4ddr
| Device       : xc7a100tcsg324-1
| Speed File   : -1
| Design State : Synthesized
---------------------------------------------------------------------------------------------------------------------------------------------

Utilization Design Information

Table of Contents
-----------------
1. Utilization by Hierarchy

1. Utilization by Hierarchy
---------------------------

+----------------------------+------------------+------------+------------+---------+------+------+--------+--------+------------+
|          Instance          |      Module      | Total LUTs | Logic LUTs | LUTRAMs | SRLs |  FFs | RAMB36 | RAMB18 | DSP Blocks |
+----------------------------+------------------+------------+------------+---------+------+------+--------+--------+------------+
| digilent_nexys4ddr         |            (top) |       6558 |       5640 |     916 |    2 | 5483 |     47 |      8 |          4 |
|   (digilent_nexys4ddr)     |            (top) |       1947 |       1801 |     144 |    2 | 2094 |     46 |      0 |          0 |
|   VexRiscv                 |         VexRiscv |       2498 |       2498 |       0 |    0 | 1257 |      1 |      8 |          4 |
|     (VexRiscv)             |         VexRiscv |       1389 |       1389 |       0 |    0 | 1098 |      0 |      2 |          4 |
|     IBusCachedPlugin_cache | InstructionCache |        655 |        655 |       0 |    0 |  100 |      1 |      1 |          0 |
|     dataCache_1            |        DataCache |        454 |        454 |       0 |    0 |   59 |      0 |      5 |          0 |
|   gemv_core                |        gemv_core |       2113 |       1341 |     772 |    0 | 2132 |      0 |      0 |          0 |
+----------------------------+------------------+------------+------------+---------+------+------+--------+--------+------------+


