Copyright 1986-2022 Xilinx, Inc. All Rights Reserved. Copyright 2022-2025 Advanced Micro Devices, Inc. All Rights Reserved.
---------------------------------------------------------------------------------------------------------------------------------------------
| Tool Version : Vivado v.2025.2 (win64) Build 6299465 Fri Nov 14 19:35:11 GMT 2025
| Date         : Mon May 11 11:01:18 2026
| Host         : DESKTOP-6JLD9LJ running 64-bit major release  (build 9200)
| Command      : report_control_sets -verbose -file digilent_nexys4ddr_control_sets.rpt
| Design       : digilent_nexys4ddr
| Device       : xc7a100t
---------------------------------------------------------------------------------------------------------------------------------------------

Control Set Information

Table of Contents
-----------------
1. Summary
2. Histogram
3. Flip-Flop Distribution
4. Detailed Control Set Information

1. Summary
----------

+----------------------------------------------------------+-------+
|                          Status                          | Count |
+----------------------------------------------------------+-------+
| Total control sets                                       |   123 |
|    Minimum number of control sets                        |   123 |
|    Addition due to synthesis replication                 |     0 |
|    Addition due to physical synthesis replication        |     0 |
| Unused register locations in slices containing registers |   287 |
+----------------------------------------------------------+-------+
* Control sets can be merged at opt_design using control_set_merge or merge_equivalent_drivers
** Run report_qor_suggestions for automated merging and remapping suggestions


2. Histogram
------------

+--------------------+-------+
|       Fanout       | Count |
+--------------------+-------+
| Total control sets |   123 |
| >= 0 to < 4        |    14 |
| >= 4 to < 6        |    25 |
| >= 6 to < 8        |     2 |
| >= 8 to < 10       |     9 |
| >= 10 to < 12      |     1 |
| >= 12 to < 14      |    12 |
| >= 14 to < 16      |     1 |
| >= 16              |    59 |
+--------------------+-------+
* Control sets can be remapped at either synth_design or opt_design


3. Flip-Flop Distribution
-------------------------

+--------------+-----------------------+------------------------+-----------------+--------------+
| Clock Enable | Synchronous Set/Reset | Asynchronous Set/Reset | Total Registers | Total Slices |
+--------------+-----------------------+------------------------+-----------------+--------------+
| No           | No                    | No                     |             508 |          194 |
| No           | No                    | Yes                    |               4 |            2 |
| No           | Yes                   | No                     |             458 |          205 |
| Yes          | No                    | No                     |            1157 |          399 |
| Yes          | No                    | Yes                    |               0 |            0 |
| Yes          | Yes                   | No                     |            1026 |          347 |
+--------------+-----------------------+------------------------+-----------------+--------------+


4. Detailed Control Set Information
-----------------------------------

+------------------+-----------------------------------------------------------------------------------------+-------------------------------------------------------------------------+------------------+----------------+--------------+
|   Clock Signal   |                                      Enable Signal                                      |                             Set/Reset Signal                            | Slice Load Count | Bel Load Count | Bels / Slice |
+------------------+-----------------------------------------------------------------------------------------+-------------------------------------------------------------------------+------------------+----------------+--------------+
|  sys_clk         |                                                                                         | basesoc_sdram_bankmachine7_twtpcon_ready_i_1_n_0                        |                1 |              1 |         1.00 |
|  sys_clk         |                                                                                         | basesoc_sdram_twtrcon_ready_i_1_n_0                                     |                1 |              1 |         1.00 |
|  sys_clk         |                                                                                         | basesoc_sdram_bankmachine1_twtpcon_ready_i_1_n_0                        |                1 |              1 |         1.00 |
|  sys_clk         |                                                                                         | basesoc_sdram_bankmachine3_twtpcon_ready_i_1_n_0                        |                1 |              1 |         1.00 |
|  sys_clk         |                                                                                         | basesoc_sdram_bankmachine0_twtpcon_ready_i_1_n_0                        |                1 |              1 |         1.00 |
|  sys_clk         |                                                                                         | basesoc_sdram_bankmachine2_twtpcon_ready_i_1_n_0                        |                1 |              1 |         1.00 |
|  sys_clk         |                                                                                         | basesoc_sdram_bankmachine6_twtpcon_ready_i_1_n_0                        |                1 |              1 |         1.00 |
|  sys_clk         |                                                                                         | basesoc_sdram_bankmachine5_twtpcon_ready_i_1_n_0                        |                1 |              1 |         1.00 |
|  sys_clk         |                                                                                         | basesoc_sdram_bankmachine4_twtpcon_ready_i_1_n_0                        |                1 |              1 |         1.00 |
|  crg_clkout_buf3 |                                                                                         |                                                                         |                1 |              1 |         1.00 |
|  sys_clk         | basesoc_serial_tx_rs232phytx_next_value_ce1                                             | sys_rst                                                                 |                1 |              1 |         1.00 |
|  crg_clkout_buf3 |                                                                                         | xilinxasyncresetsynchronizerimpl0                                       |                1 |              2 |         2.00 |
|  sys_clk         |                                                                                         | xilinxasyncresetsynchronizerimpl0                                       |                1 |              2 |         2.00 |
|  sys_clk         | VexRiscv/_zz_iBus_rsp_valid                                                             | VexRiscv/dataCache_1/basesoc_reset_storage_reg[1]                       |                1 |              3 |         3.00 |
|  sys_clk         | basesoc_uart_rx_fifo_wrport_we__0                                                       | sys_rst                                                                 |                1 |              4 |         4.00 |
|  sys_clk         | basesoc_sdram_bankmachine4_level[3]_i_1_n_0                                             | sys_rst                                                                 |                1 |              4 |         4.00 |
|  sys_clk         | basesoc_sdram_time1[3]_i_1_n_0                                                          | sys_rst                                                                 |                1 |              4 |         4.00 |
|  sys_clk         | multiplexer_next_state[0]                                                               | sys_rst                                                                 |                3 |              4 |         1.33 |
|  sys_clk         | basesoc_sdram_bankmachine2_level[3]_i_1_n_0                                             | sys_rst                                                                 |                1 |              4 |         4.00 |
|  sys_clk         | basesoc_tx_tick                                                                         | basesoc_tx_phase[31]_i_1_n_0                                            |                1 |              4 |         4.00 |
|  sys_clk         | basesoc_sdram_sequencer_trigger[3]_i_1_n_0                                              | sys_rst                                                                 |                1 |              4 |         4.00 |
|  sys_clk         | csrbank2_dfii_control0_re                                                               | sys_rst                                                                 |                1 |              4 |         4.00 |
|  sys_clk         | basesoc_uart_rx_fifo_consume[2]_i_1_n_0                                                 | sys_rst                                                                 |                1 |              4 |         4.00 |
|  sys_clk         | basesoc_sdram_bankmachine0_level[3]_i_1_n_0                                             | sys_rst                                                                 |                1 |              4 |         4.00 |
|  sys_clk         | basesoc_uart_tx_fifo_wrport_we__0                                                       | sys_rst                                                                 |                1 |              4 |         4.00 |
|  sys_clk         | basesoc_sdram_bankmachine6_level[3]_i_1_n_0                                             | sys_rst                                                                 |                1 |              4 |         4.00 |
|  sys_clk         | basesoc_sdram_bankmachine3_level[3]_i_1_n_0                                             | sys_rst                                                                 |                2 |              4 |         2.00 |
|  sys_clk         | basesoc_sdram_bankmachine5_level[3]_i_1_n_0                                             | sys_rst                                                                 |                1 |              4 |         4.00 |
|  sys_clk         | basesoc_sdram_bankmachine1_level[3]_i_1_n_0                                             | sys_rst                                                                 |                2 |              4 |         2.00 |
|  sys_clk         | basesoc_sdram_bankmachine7_level[3]_i_1_n_0                                             | sys_rst                                                                 |                1 |              4 |         4.00 |
|  crg_clkout_buf3 | crg_reset_counter[3]_i_1_n_0                                                            | iodelay_rst                                                             |                1 |              4 |         4.00 |
|  sys_clk         | basesoc_rx_tick                                                                         | p_11_in                                                                 |                2 |              4 |         2.00 |
|  sys_clk         | basesoc_uart_tx_fifo_rdport_re                                                          | sys_rst                                                                 |                1 |              4 |         4.00 |
|  sys_clk         |                                                                                         | interface1_bank_bus_dat_r[4]_i_1_n_0                                    |                4 |              5 |         1.25 |
|  sys_clk         | basesoc_uart_tx_fifo_level0[4]_i_1_n_0                                                  | sys_rst                                                                 |                2 |              5 |         2.50 |
|  sys_clk         | basesoc_uart_rx_fifo_level0[4]_i_1_n_0                                                  | sys_rst                                                                 |                2 |              5 |         2.50 |
|  sys_clk         | csrbank1_half_sys8x_taps0_re                                                            | sys_rst                                                                 |                2 |              5 |         2.50 |
|  sys_clk         | basesoc_sdram_time0[4]_i_1_n_0                                                          | sys_rst                                                                 |                2 |              5 |         2.50 |
|  sys_clk         | VexRiscv/IBusCachedPlugin_cache/when_CsrPlugin_l1390                                    |                                                                         |                1 |              5 |         5.00 |
|  sys_clk         |                                                                                         | VexRiscv/dataCache_1/memory_DivPlugin_div_done_reg_0[0]                 |                2 |              6 |         3.00 |
|  sys_clk         | basesoc_tx_data1_in0                                                                    |                                                                         |                1 |              7 |         7.00 |
|  sys_clk         | VexRiscv/IBusCachedPlugin_cache/when_InstructionCache_l338                              | VexRiscv/IBusCachedPlugin_cache/when_InstructionCache_l351              |                2 |              8 |         4.00 |
|  sys_clk         |                                                                                         | interface4_bank_bus_dat_r[7]_i_1_n_0                                    |                2 |              8 |         4.00 |
|  sys_clk         | basesoc_rx_data_rs232phyrx_next_value_ce1                                               |                                                                         |                2 |              8 |         4.00 |
|  sys_clk         | basesoc_uart_tx_fifo_syncfifo_re                                                        |                                                                         |                2 |              8 |         4.00 |
|  sys_clk         | basesoc_uart_rx_fifo_syncfifo_re                                                        |                                                                         |                2 |              8 |         4.00 |
|  crg_clkin       |                                                                                         |                                                                         |                2 |              8 |         4.00 |
|  sys_clk         | csrbank2_dfii_pi0_command0_re                                                           | sys_rst                                                                 |                3 |              8 |         2.67 |
|  sys_clk         | csrbank2_dfii_pi1_command0_re                                                           | sys_rst                                                                 |                2 |              8 |         4.00 |
|  sys_clk         | VexRiscv/dataCache_1/stageB_flusher_counter[7]_i_2_n_0                                  | VexRiscv/dataCache_1/stageB_flusher_counter[7]_i_1_n_0                  |                4 |              8 |         2.00 |
|  sys_clk         |                                                                                         | basesoc_sdram_timer_count1[9]_i_1_n_0                                   |                3 |             10 |         3.33 |
|  sys_clk         | basesoc_uart_rx_fifo_wrport_we__0                                                       |                                                                         |                2 |             12 |         6.00 |
|  sys_clk         | basesoc_uart_tx_fifo_wrport_we__0                                                       |                                                                         |                2 |             12 |         6.00 |
|  sys_clk         | csrbank2_dfii_pi1_address0_re                                                           |                                                                         |                4 |             13 |         3.25 |
|  sys_clk         | basesoc_sdram_bankmachine7_row[0]                                                       | sys_rst                                                                 |                4 |             13 |         3.25 |
|  sys_clk         | csrbank2_dfii_pi0_address0_re                                                           |                                                                         |                5 |             13 |         2.60 |
|  sys_clk         | basesoc_sdram_bankmachine1_row[0]                                                       | sys_rst                                                                 |                2 |             13 |         6.50 |
|  sys_clk         | basesoc_sdram_bankmachine0_row[0]                                                       | sys_rst                                                                 |                2 |             13 |         6.50 |
|  sys_clk         | basesoc_sdram_bankmachine2_row[0]                                                       | sys_rst                                                                 |                4 |             13 |         3.25 |
|  sys_clk         | basesoc_sdram_bankmachine6_row[0]                                                       | sys_rst                                                                 |                3 |             13 |         4.33 |
|  sys_clk         | basesoc_sdram_bankmachine5_row[0]                                                       | sys_rst                                                                 |                2 |             13 |         6.50 |
|  sys_clk         | basesoc_sdram_bankmachine4_row[0]                                                       | sys_rst                                                                 |                3 |             13 |         4.33 |
|  sys_clk         | basesoc_sdram_bankmachine3_row[0]                                                       | sys_rst                                                                 |                2 |             13 |         6.50 |
|  sys_clk         | VexRiscv/IBusCachedPlugin_cache/interface1_adr_next_value_ce1                           | VexRiscv/IBusCachedPlugin_cache/FSM_onehot_wishbone2csr_state_reg[1]_11 |                6 |             14 |         2.33 |
|  sys_clk         | VexRiscv/IBusCachedPlugin_cache/count_reg_11_sn_1                                       | VexRiscv/IBusCachedPlugin_cache/FDPE_1                                  |                5 |             20 |         4.00 |
|  sys_clk         | basesoc_sdram_bankmachine7_syncfifo7_re                                                 | sys_rst                                                                 |                7 |             23 |         3.29 |
|  sys_clk         | basesoc_sdram_bankmachine0_syncfifo0_re                                                 | sys_rst                                                                 |                7 |             23 |         3.29 |
|  sys_clk         | basesoc_sdram_bankmachine1_syncfifo1_re                                                 | sys_rst                                                                 |                7 |             23 |         3.29 |
|  sys_clk         | basesoc_sdram_bankmachine2_syncfifo2_re                                                 | sys_rst                                                                 |                6 |             23 |         3.83 |
|  sys_clk         | basesoc_sdram_bankmachine6_syncfifo6_re                                                 | sys_rst                                                                 |                5 |             23 |         4.60 |
|  sys_clk         | basesoc_sdram_bankmachine5_syncfifo5_re                                                 | sys_rst                                                                 |                7 |             23 |         3.29 |
|  sys_clk         | basesoc_sdram_bankmachine4_syncfifo4_re                                                 | sys_rst                                                                 |                7 |             23 |         3.29 |
|  sys_clk         | basesoc_sdram_bankmachine3_syncfifo3_re                                                 | sys_rst                                                                 |                5 |             23 |         4.60 |
|  sys_clk         | litedramnativeportconverter_next_state59_out                                            | sys_rst                                                                 |                8 |             24 |         3.00 |
|  sys_clk         | a7ddrphy_bitslip8_value10                                                               | a7ddrphy_bitslip15_value1[0]                                            |               11 |             24 |         2.18 |
|  sys_clk         | a7ddrphy_bitslip0_value30                                                               | a7ddrphy_bitslip7_value1[0]                                             |                8 |             24 |         3.00 |
|  sys_clk         |                                                                                         | VexRiscv/dataCache_1/basesoc_reset_storage_reg[1]                       |               12 |             24 |         2.00 |
|  sys_clk         | VexRiscv/IBusCachedPlugin_cache/lineLoader_address[31]_i_1_n_0                          |                                                                         |               12 |             27 |         2.25 |
|  sys_clk         | a7ddrphy_bitslip0_value00                                                               | a7ddrphy_bitslip7_value0[0]                                             |               13 |             27 |         2.08 |
|  sys_clk         | a7ddrphy_bitslip1_value00                                                               | a7ddrphy_bitslip15_value0[0]                                            |               17 |             27 |         1.59 |
|  sys_clk         | VexRiscv/dataCache_1/E[0]                                                               |                                                                         |                8 |             30 |         3.75 |
|  sys_clk         | VexRiscv/IBusCachedPlugin_cache/IBusCachedPlugin_fetchPc_booted_reg                     | VexRiscv/IBusCachedPlugin_cache/basesoc_reset_re_reg                    |               10 |             30 |         3.00 |
|  sys_clk         | VexRiscv/dataCache_1/stageB_mmuRsp_physicalAddress[30]_i_1_n_0                          |                                                                         |                8 |             30 |         3.75 |
|  sys_clk         | VexRiscv/dataCache_1/execute_CsrPlugin_csr_773_reg[0]                                   |                                                                         |                7 |             30 |         4.29 |
|  sys_clk         | basesoc_sdram_bankmachine3_wrport_we__0                                                 |                                                                         |                4 |             32 |         8.00 |
|  sys_clk         |                                                                                         | basesoc_tx_phase[31]_i_1_n_0                                            |                9 |             32 |         3.56 |
|  sys_clk         |                                                                                         | interface3_bank_bus_dat_r[31]_i_1_n_0                                   |                8 |             32 |         4.00 |
|  sys_clk         |                                                                                         | p_11_in                                                                 |                9 |             32 |         3.56 |
|  sys_clk         |                                                                                         | interface2_bank_bus_dat_r[31]_i_1_n_0                                   |               21 |             32 |         1.52 |
|  sys_clk         | basesoc_bus_errors[0]                                                                   | sys_rst                                                                 |                8 |             32 |         4.00 |
|  sys_clk         | csrbank0_scratch0_re                                                                    | sys_rst                                                                 |                6 |             32 |         5.33 |
|  sys_clk         | VexRiscv/IBusCachedPlugin_cache/CsrPlugin_exceptionPortCtrl_exceptionContext_badAddr[0] |                                                                         |               16 |             32 |         2.00 |
|  sys_clk         | interface1_dat_w_next_value_ce0                                                         |                                                                         |                7 |             32 |         4.57 |
|  sys_clk         | basesoc_sdram_bankmachine0_wrport_we__0                                                 |                                                                         |                4 |             32 |         8.00 |
|  sys_clk         | csrbank2_dfii_pi0_wrdata0_re                                                            |                                                                         |               11 |             32 |         2.91 |
|  sys_clk         | csrbank2_dfii_pi1_wrdata0_re                                                            |                                                                         |               10 |             32 |         3.20 |
|  sys_clk         | basesoc_sdram_bankmachine1_wrport_we__0                                                 |                                                                         |                4 |             32 |         8.00 |
|  sys_clk         | basesoc_sdram_bankmachine7_wrport_we__0                                                 |                                                                         |                4 |             32 |         8.00 |
|  sys_clk         | csrbank3_load0_re                                                                       | sys_rst                                                                 |                9 |             32 |         3.56 |
|  sys_clk         | basesoc_sdram_bankmachine2_wrport_we__0                                                 |                                                                         |                4 |             32 |         8.00 |
|  sys_clk         | basesoc_sdram_bankmachine6_wrport_we__0                                                 |                                                                         |                4 |             32 |         8.00 |
|  sys_clk         | VexRiscv/dataCache_1/execute_CsrPlugin_csr_3008_reg[0]                                  | VexRiscv/dataCache_1/basesoc_reset_storage_reg[1]                       |                8 |             32 |         4.00 |
|  sys_clk         | VexRiscv/dataCache_1/memory_arbitration_isValid_reg_2[0]                                |                                                                         |                9 |             32 |         3.56 |
|  sys_clk         | csrbank3_reload0_re                                                                     | sys_rst                                                                 |                8 |             32 |         4.00 |
|  sys_clk         | basesoc_timer_update_value_re                                                           | sys_rst                                                                 |                9 |             32 |         3.56 |
|  sys_clk         | basesoc_sdram_bankmachine5_wrport_we__0                                                 |                                                                         |                4 |             32 |         8.00 |
|  sys_clk         | VexRiscv/memory_DivPlugin_accumulator[31]_i_1_n_0                                       | VexRiscv/dataCache_1/memory_DivPlugin_div_counter_willClear             |                8 |             32 |         4.00 |
|  sys_clk         | VexRiscv/memory_DivPlugin_div_result[0]                                                 |                                                                         |                8 |             32 |         4.00 |
|  sys_clk         | VexRiscv/CsrPlugin_hadException                                                         |                                                                         |                7 |             32 |         4.57 |
|  sys_clk         | basesoc_sdram_bankmachine4_wrport_we__0                                                 |                                                                         |                4 |             32 |         8.00 |
|  sys_clk         |                                                                                         | interface0_bank_bus_dat_r[31]_i_1_n_0                                   |               14 |             32 |         2.29 |
|  sys_clk         | VexRiscv/dataCache_1/execute_CsrPlugin_csr_833_reg[0]                                   |                                                                         |               24 |             32 |         1.33 |
|  sys_clk         | basesoc_sdram_csr_dfi_p0_rddata_valid                                                   | sys_rst                                                                 |               41 |             64 |         1.56 |
|  sys_clk         | p_2_out[15]                                                                             | sys_rst                                                                 |               25 |             64 |         2.56 |
|  sys_clk         | p_2_out[79]                                                                             | sys_rst                                                                 |               29 |             64 |         2.21 |
|  sys_clk         | VexRiscv/IBusCachedPlugin_cache/decodeStage_hit_error_reg_0                             |                                                                         |               18 |             64 |         3.56 |
|  sys_clk         | VexRiscv/IBusCachedPlugin_cache/E[0]                                                    |                                                                         |               20 |             70 |         3.50 |
|  sys_clk         | VexRiscv/toplevel_dataCache_1_io_mem_cmd_rValidN                                        |                                                                         |               21 |             70 |         3.33 |
|  sys_clk         | VexRiscv/dataCache_1/when_CsrPlugin_l1259_3                                             |                                                                         |               59 |            140 |         2.37 |
|  sys_clk         | VexRiscv/dataCache_1/execute_arbitration_isValid_reg_5[0]                               |                                                                         |               56 |            162 |         2.89 |
|  sys_clk         | VexRiscv/dataCache_1/memory_DivPlugin_div_counter_willClear                             |                                                                         |               81 |            216 |         2.67 |
|  sys_clk         |                                                                                         | sys_rst                                                                 |              112 |            236 |         2.11 |
|  sys_clk         |                                                                                         |                                                                         |              191 |            501 |         2.62 |
+------------------+-----------------------------------------------------------------------------------------+-------------------------------------------------------------------------+------------------+----------------+--------------+


