Copyright 1986-2022 Xilinx, Inc. All Rights Reserved. Copyright 2022-2025 Advanced Micro Devices, Inc. All Rights Reserved.
-------------------------------------------------------------------------------------------------------------------------------------------------
| Tool Version     : Vivado v.2025.2 (win64) Build 6299465 Fri Nov 14 19:35:11 GMT 2025
| Date             : Mon May 11 11:02:17 2026
| Host             : DESKTOP-6JLD9LJ running 64-bit major release  (build 9200)
| Command          : report_power -file digilent_nexys4ddr_power.rpt
| Design           : digilent_nexys4ddr
| Device           : xc7a100tcsg324-1
| Design State     : routed
| Grade            : commercial
| Process          : typical
| Characterization : Production
-------------------------------------------------------------------------------------------------------------------------------------------------

Power Report

Table of Contents
-----------------
1. Summary
1.1 On-Chip Components
1.2 Power Supply Summary
1.3 Confidence Level
2. Settings
2.1 Environment
2.2 Clock Constraints
3. Detailed Reports
3.1 By Hierarchy

1. Summary
----------

+--------------------------+--------------+
| Total On-Chip Power (W)  | 0.740        |
| Design Power Budget (W)  | Unspecified* |
| Power Budget Margin (W)  | NA           |
| Dynamic (W)              | 0.631        |
| Device Static (W)        | 0.109        |
| Effective TJA (C/W)      | 4.6          |
| Max Ambient (C)          | 81.6         |
| Junction Temperature (C) | 28.4         |
| Confidence Level         | Low          |
| Setting File             | ---          |
| Simulation Activity File | ---          |
| Design Nets Matched      | NA           |
+--------------------------+--------------+
* Specify Design Power Budget using, set_operating_conditions -design_power_budget <value in Watts>


1.1 On-Chip Components
----------------------

+--------------------------+-----------+----------+-----------+-----------------+
| On-Chip                  | Power (W) | Used     | Available | Utilization (%) |
+--------------------------+-----------+----------+-----------+-----------------+
| Clocks                   |     0.018 |        8 |       --- |             --- |
| Slice Logic              |     0.012 |     8159 |       --- |             --- |
|   LUT as Logic           |     0.011 |     3747 |     63400 |            5.91 |
|   Register               |    <0.001 |     3153 |    126800 |            2.49 |
|   CARRY4                 |    <0.001 |      163 |     15850 |            1.03 |
|   F7/F8 Muxes            |    <0.001 |       29 |     63400 |            0.05 |
|   LUT as Distributed RAM |    <0.001 |      140 |     19000 |            0.74 |
|   LUT as Shift Register  |    <0.001 |        2 |     19000 |            0.01 |
|   Others                 |     0.000 |       13 |       --- |             --- |
| Signals                  |     0.018 |     7175 |       --- |             --- |
| Block RAM                |     0.073 |       51 |       135 |           37.78 |
| MMCM                     |     0.118 |        1 |         6 |           16.67 |
| DSPs                     |     0.003 |        4 |       240 |            1.67 |
| I/O                      |     0.389 |       50 |       210 |           23.81 |
| Static Power             |     0.109 |          |           |                 |
| Total                    |     0.740 |          |           |                 |
+--------------------------+-----------+----------+-----------+-----------------+


1.2 Power Supply Summary
------------------------

+-----------+-------------+-----------+-------------+------------+-------------+-------------+------------+
| Source    | Voltage (V) | Total (A) | Dynamic (A) | Static (A) | Powerup (A) | Budget (A)  | Margin (A) |
+-----------+-------------+-----------+-------------+------------+-------------+-------------+------------+
| Vccint    |       1.000 |     0.142 |       0.124 |      0.018 |       NA    | Unspecified | NA         |
| Vccaux    |       1.800 |     0.121 |       0.103 |      0.018 |       NA    | Unspecified | NA         |
| Vcco33    |       3.300 |     0.004 |       0.000 |      0.004 |       NA    | Unspecified | NA         |
| Vcco25    |       2.500 |     0.000 |       0.000 |      0.000 |       NA    | Unspecified | NA         |
| Vcco18    |       1.800 |     0.179 |       0.175 |      0.004 |       NA    | Unspecified | NA         |
| Vcco15    |       1.500 |     0.000 |       0.000 |      0.000 |       NA    | Unspecified | NA         |
| Vcco135   |       1.350 |     0.000 |       0.000 |      0.000 |       NA    | Unspecified | NA         |
| Vcco12    |       1.200 |     0.000 |       0.000 |      0.000 |       NA    | Unspecified | NA         |
| Vccaux_io |       1.800 |     0.000 |       0.000 |      0.000 |       NA    | Unspecified | NA         |
| Vccbram   |       1.000 |     0.007 |       0.006 |      0.002 |       NA    | Unspecified | NA         |
| MGTAVcc   |       1.000 |     0.000 |       0.000 |      0.000 |       NA    | Unspecified | NA         |
| MGTAVtt   |       1.200 |     0.000 |       0.000 |      0.000 |       NA    | Unspecified | NA         |
| Vccadc    |       1.800 |     0.020 |       0.000 |      0.020 |       NA    | Unspecified | NA         |
+-----------+-------------+-----------+-------------+------------+-------------+-------------+------------+


1.3 Confidence Level
--------------------

+-----------------------------+------------+--------------------------------------------------------+------------------------------------------------------------------------------------------------------------+
| User Input Data             | Confidence | Details                                                | Action                                                                                                     |
+-----------------------------+------------+--------------------------------------------------------+------------------------------------------------------------------------------------------------------------+
| Design implementation state | High       | Design is routed                                       |                                                                                                            |
| Clock nodes activity        | High       | User specified more than 95% of clocks                 |                                                                                                            |
| I/O nodes activity          | Low        | More than 75% of inputs are missing user specification | Provide missing input activity with simulation results or by editing the "By Resource Type -> I/Os" view   |
| Internal nodes activity     | Medium     | User specified less than 25% of internal nodes         | Provide missing internal nodes activity with simulation results or by editing the "By Resource Type" views |
| Device models               | High       | Device models are Production                           |                                                                                                            |
|                             |            |                                                        |                                                                                                            |
| Overall confidence level    | Low        |                                                        |                                                                                                            |
+-----------------------------+------------+--------------------------------------------------------+------------------------------------------------------------------------------------------------------------+


2. Settings
-----------

2.1 Environment
---------------

+-----------------------+--------------------------+
| Ambient Temp (C)      | 25.0                     |
| ThetaJA (C/W)         | 4.6                      |
| Airflow (LFM)         | 250                      |
| Heat Sink             | medium (Medium Profile)  |
| ThetaSA (C/W)         | 4.6                      |
| Board Selection       | medium (10"x10")         |
| # of Board Layers     | 12to15 (12 to 15 Layers) |
| Board Temperature (C) | 25.0                     |
+-----------------------+--------------------------+


2.2 Clock Constraints
---------------------

+-------------+-------------+-----------------+
| Clock       | Domain      | Constraint (ns) |
+-------------+-------------+-----------------+
| clk100      | clk100      |            10.0 |
| crg_clkout0 | crg_clkout0 |            13.3 |
| crg_clkout1 | crg_clkout1 |             6.7 |
| crg_clkout2 | crg_clkout2 |             6.7 |
| crg_clkout3 | crg_clkout3 |             5.0 |
| mmcm_fb     | mmcm_fb     |            10.0 |
+-------------+-------------+-----------------+


3. Detailed Reports
-------------------

3.1 By Hierarchy
----------------

+----------------------------+-----------+
| Name                       | Power (W) |
+----------------------------+-----------+
| digilent_nexys4ddr         |     0.631 |
|   IOBUF                    |     0.008 |
|   IOBUFDS                  |     0.005 |
|     OBUFTDS                |     0.004 |
|   IOBUFDS_1                |     0.005 |
|     OBUFTDS                |     0.004 |
|   IOBUF_1                  |     0.008 |
|   IOBUF_10                 |     0.008 |
|   IOBUF_11                 |     0.008 |
|   IOBUF_12                 |     0.008 |
|   IOBUF_13                 |     0.008 |
|   IOBUF_14                 |     0.008 |
|   IOBUF_15                 |     0.008 |
|   IOBUF_2                  |     0.008 |
|   IOBUF_3                  |     0.008 |
|   IOBUF_4                  |     0.008 |
|   IOBUF_5                  |     0.008 |
|   IOBUF_6                  |     0.008 |
|   IOBUF_7                  |     0.008 |
|   IOBUF_8                  |     0.008 |
|   IOBUF_9                  |     0.008 |
|   OBUFDS                   |     0.008 |
|   VexRiscv                 |     0.035 |
|     IBusCachedPlugin_cache |     0.006 |
|     dataCache_1            |     0.005 |
+----------------------------+-----------+


