Copyright 1986-2022 Xilinx, Inc. All Rights Reserved. Copyright 2022-2025 Advanced Micro Devices, Inc. All Rights Reserved.
---------------------------------------------------------------------------------------------------------------------------------------------
| Tool Version : Vivado v.2025.2 (win64) Build 6299465 Fri Nov 14 19:35:11 GMT 2025
| Date         : Fri Jul 17 17:42:01 2026
| Host         : DESKTOP-6JLD9LJ running 64-bit major release  (build 9200)
| Command      : report_control_sets -verbose -file digilent_nexys4ddr_control_sets.rpt
| Design       : digilent_nexys4ddr
| Device       : xc7a100t
---------------------------------------------------------------------------------------------------------------------------------------------

Control Set Information

Table of Contents
-----------------
1. Summary
2. Histogram
3. Flip-Flop Distribution
4. Detailed Control Set Information

1. Summary
----------

+----------------------------------------------------------+-------+
|                          Status                          | Count |
+----------------------------------------------------------+-------+
| Total control sets                                       |   222 |
|    Minimum number of control sets                        |   222 |
|    Addition due to synthesis replication                 |     0 |
|    Addition due to physical synthesis replication        |     0 |
| Unused register locations in slices containing registers |   314 |
+----------------------------------------------------------+-------+
* Control sets can be merged at opt_design using control_set_merge or merge_equivalent_drivers
** Run report_qor_suggestions for automated merging and remapping suggestions


2. Histogram
------------

+--------------------+-------+
|       Fanout       | Count |
+--------------------+-------+
| Total control sets |   222 |
| >= 0 to < 4        |    14 |
| >= 4 to < 6        |    26 |
| >= 6 to < 8        |     4 |
| >= 8 to < 10       |    11 |
| >= 10 to < 12      |     2 |
| >= 12 to < 14      |    12 |
| >= 14 to < 16      |     0 |
| >= 16              |   153 |
+--------------------+-------+
* Control sets can be remapped at either synth_design or opt_design


3. Flip-Flop Distribution
-------------------------

+--------------+-----------------------+------------------------+-----------------+--------------+
| Clock Enable | Synchronous Set/Reset | Asynchronous Set/Reset | Total Registers | Total Slices |
+--------------+-----------------------+------------------------+-----------------+--------------+
| No           | No                    | No                     |             502 |          220 |
| No           | No                    | Yes                    |               4 |            2 |
| No           | Yes                   | No                     |             520 |          245 |
| Yes          | No                    | No                     |            3288 |         1347 |
| Yes          | No                    | Yes                    |               0 |            0 |
| Yes          | Yes                   | No                     |            1268 |          456 |
+--------------+-----------------------+------------------------+-----------------+--------------+


4. Detailed Control Set Information
-----------------------------------

+-----------------------+-----------------------------------------------------------------------------------------+------------------------------------------------------------------------------------+------------------+----------------+--------------+
|      Clock Signal     |                                      Enable Signal                                      |                                  Set/Reset Signal                                  | Slice Load Count | Bel Load Count | Bels / Slice |
+-----------------------+-----------------------------------------------------------------------------------------+------------------------------------------------------------------------------------+------------------+----------------+--------------+
|  main_crg_clkout_buf0 |                                                                                         | main_basesoc_sdram_bankmachine6_twtpcon_ready_i_1_n_0                              |                1 |              1 |         1.00 |
|  main_crg_clkout_buf0 |                                                                                         | main_basesoc_sdram_bankmachine2_twtpcon_ready_i_1_n_0                              |                1 |              1 |         1.00 |
|  main_crg_clkout_buf0 |                                                                                         | main_basesoc_sdram_bankmachine7_twtpcon_ready_i_1_n_0                              |                1 |              1 |         1.00 |
|  main_crg_clkout_buf0 |                                                                                         | main_basesoc_sdram_twtrcon_ready_i_1_n_0                                           |                1 |              1 |         1.00 |
|  main_crg_clkout_buf0 |                                                                                         | main_basesoc_sdram_bankmachine1_twtpcon_ready_i_1_n_0                              |                1 |              1 |         1.00 |
|  main_crg_clkout_buf0 |                                                                                         | main_basesoc_sdram_bankmachine5_twtpcon_ready_i_1_n_0                              |                1 |              1 |         1.00 |
|  main_crg_clkout_buf0 |                                                                                         | main_basesoc_sdram_bankmachine4_twtpcon_ready_i_1_n_0                              |                1 |              1 |         1.00 |
|  main_crg_clkout_buf0 |                                                                                         | main_basesoc_sdram_bankmachine3_twtpcon_ready_i_1_n_0                              |                1 |              1 |         1.00 |
|  main_crg_clkout_buf0 |                                                                                         | main_basesoc_sdram_bankmachine0_twtpcon_ready_i_1_n_0                              |                1 |              1 |         1.00 |
|  idelay_clk           |                                                                                         |                                                                                    |                1 |              1 |         1.00 |
|  main_crg_clkout_buf0 | main_basesoc_serial_tx_rs232phytx_next_value_ce1                                        | sys_rst                                                                            |                1 |              1 |         1.00 |
|  idelay_clk           |                                                                                         | builder_xilinxasyncresetsynchronizerimpl0                                          |                1 |              2 |         2.00 |
|  main_crg_clkout_buf0 |                                                                                         | builder_xilinxasyncresetsynchronizerimpl0                                          |                1 |              2 |         2.00 |
|  main_crg_clkout_buf0 | VexRiscv/_zz_iBus_rsp_valid                                                             | VexRiscv/dataCache_1/reset0                                                        |                1 |              3 |         3.00 |
|  main_crg_clkout_buf0 | main_basesoc_uart_rx_fifo_wrport_we__0                                                  | sys_rst                                                                            |                1 |              4 |         4.00 |
|  main_crg_clkout_buf0 | main_basesoc_sdram_bankmachine4_level[3]_i_1_n_0                                        | sys_rst                                                                            |                1 |              4 |         4.00 |
|  main_crg_clkout_buf0 | main_basesoc_sdram_bankmachine2_level[3]_i_1_n_0                                        | sys_rst                                                                            |                1 |              4 |         4.00 |
|  main_crg_clkout_buf0 | main_basesoc_sdram_bankmachine5_level[3]_i_1_n_0                                        | sys_rst                                                                            |                2 |              4 |         2.00 |
|  main_crg_clkout_buf0 | main_basesoc_sdram_bankmachine0_level[3]_i_1_n_0                                        | sys_rst                                                                            |                2 |              4 |         2.00 |
|  main_crg_clkout_buf0 | builder_multiplexer_next_state[0]                                                       | sys_rst                                                                            |                2 |              4 |         2.00 |
|  main_crg_clkout_buf0 | main_basesoc_tx_tick                                                                    | main_basesoc_tx_phase[31]_i_1_n_0                                                  |                1 |              4 |         4.00 |
|  main_crg_clkout_buf0 | builder_csrbank4_dfii_control0_re                                                       | sys_rst                                                                            |                1 |              4 |         4.00 |
|  main_crg_clkout_buf0 | main_basesoc_sdram_time1[3]_i_1_n_0                                                     | sys_rst                                                                            |                1 |              4 |         4.00 |
|  main_crg_clkout_buf0 | main_basesoc_sdram_bankmachine3_level[3]_i_1_n_0                                        | sys_rst                                                                            |                2 |              4 |         2.00 |
|  main_crg_clkout_buf0 | main_basesoc_sdram_bankmachine1_level[3]_i_1_n_0                                        | sys_rst                                                                            |                2 |              4 |         2.00 |
|  main_crg_clkout_buf0 | main_basesoc_uart_tx_fifo_syncfifo_re                                                   | sys_rst                                                                            |                1 |              4 |         4.00 |
|  main_crg_clkout_buf0 | main_basesoc_uart_rx_fifo_rdport_re                                                     | sys_rst                                                                            |                1 |              4 |         4.00 |
|  main_crg_clkout_buf0 | storage_reg_0_15_0_5_i_1_n_0                                                            | sys_rst                                                                            |                1 |              4 |         4.00 |
|  main_crg_clkout_buf0 | main_basesoc_sdram_bankmachine6_level[3]_i_1_n_0                                        | sys_rst                                                                            |                1 |              4 |         4.00 |
|  main_crg_clkout_buf0 | main_basesoc_rx_tick                                                                    | p_11_in                                                                            |                1 |              4 |         4.00 |
|  idelay_clk           | main_crg_reset_counter[3]_i_1_n_0                                                       | idelay_rst                                                                         |                1 |              4 |         4.00 |
|  main_crg_clkout_buf0 | main_x_in_re                                                                            | gemv_core/b_wr_idx[5]_i_1_n_0                                                      |                1 |              4 |         4.00 |
|  main_crg_clkout_buf0 | main_basesoc_sdram_bankmachine7_level[3]_i_1_n_0                                        | sys_rst                                                                            |                2 |              4 |         2.00 |
|  main_crg_clkout_buf0 | main_basesoc_uart_rx_fifo_level0[4]_i_1_n_0                                             | sys_rst                                                                            |                1 |              5 |         5.00 |
|  main_crg_clkout_buf0 |                                                                                         | builder_interface1_bank_bus_dat_r[4]_i_1_n_0                                       |                2 |              5 |         2.50 |
|  main_crg_clkout_buf0 | VexRiscv/IBusCachedPlugin_cache/when_CsrPlugin_l1390                                    |                                                                                    |                2 |              5 |         2.50 |
|  main_crg_clkout_buf0 | main_basesoc_uart_tx_fifo_level0[4]_i_1_n_0                                             | sys_rst                                                                            |                2 |              5 |         2.50 |
|  main_crg_clkout_buf0 | main_basesoc_sdram_time0[4]_i_1_n_0                                                     | sys_rst                                                                            |                2 |              5 |         2.50 |
|  main_crg_clkout_buf0 | main_basesoc_sdram_sequencer_counter[4]_i_1_n_0                                         | sys_rst                                                                            |                1 |              5 |         5.00 |
|  main_crg_clkout_buf0 | main_a7ddrphy_half_sys8x_taps_storage[4]_i_1_n_0                                        | sys_rst                                                                            |                1 |              5 |         5.00 |
|  main_crg_clkout_buf0 |                                                                                         | VexRiscv/dataCache_1/SR[0]                                                         |                2 |              6 |         3.00 |
|  main_crg_clkout_buf0 | main_b_in_re                                                                            | gemv_core/b_wr_idx[5]_i_1_n_0                                                      |                4 |              6 |         1.50 |
|  main_crg_clkout_buf0 | main_y_next_re                                                                          | gemv_core/b_wr_idx[5]_i_1_n_0                                                      |                2 |              6 |         3.00 |
|  main_crg_clkout_buf0 | main_basesoc_tx_data1_in0                                                               |                                                                                    |                1 |              7 |         7.00 |
|  main_crg_clkout_buf0 | main_basesoc_uart_rx_fifo_rdport_re                                                     |                                                                                    |                2 |              8 |         4.00 |
|  main_crg_clkout_buf0 |                                                                                         | builder_interface6_bank_bus_dat_r[7]_i_1_n_0                                       |                3 |              8 |         2.67 |
|  main_crg_clkout_buf0 | builder_csrbank4_dfii_pi0_command0_re                                                   | sys_rst                                                                            |                2 |              8 |         4.00 |
|  main_crg_clkout_buf0 | main_y_next_storage[7]_i_1_n_0                                                          | sys_rst                                                                            |                4 |              8 |         2.00 |
|  main_crg_clkout_buf0 | builder_csrbank3_ctrl0_re                                                               | sys_rst                                                                            |                2 |              8 |         4.00 |
|  main_crg_clkout_buf0 | main_basesoc_sdram_phaseinjector1_command_storage[7]_i_1_n_0                            | sys_rst                                                                            |                2 |              8 |         4.00 |
|  main_crg_clkout_buf0 | VexRiscv/dataCache_1/stageB_flusher_counter[7]_i_2_n_0                                  | VexRiscv/dataCache_1/stageB_flusher_counter[7]_i_1_n_0                             |                3 |              8 |         2.67 |
|  main_crg_clkout_buf0 | VexRiscv/IBusCachedPlugin_cache/when_InstructionCache_l338                              | VexRiscv/IBusCachedPlugin_cache/when_InstructionCache_l351                         |                2 |              8 |         4.00 |
|  main_crg_clkout_buf0 | main_basesoc_rx_data_rs232phyrx_next_value_ce1                                          |                                                                                    |                3 |              8 |         2.67 |
|  main_crg_clkin       |                                                                                         |                                                                                    |                2 |              8 |         4.00 |
|  main_crg_clkout_buf0 | main_basesoc_uart_tx_fifo_syncfifo_re                                                   |                                                                                    |                2 |              8 |         4.00 |
|  main_crg_clkout_buf0 |                                                                                         | main_basesoc_sdram_timer_count1[9]_i_1_n_0                                         |                2 |             10 |         5.00 |
|  main_crg_clkout_buf0 | main_w_in_re                                                                            | gemv_core/b_wr_idx[5]_i_1_n_0                                                      |                4 |             10 |         2.50 |
|  main_crg_clkout_buf0 | main_basesoc_uart_rx_fifo_wrport_we__0                                                  |                                                                                    |                2 |             12 |         6.00 |
|  main_crg_clkout_buf0 | storage_reg_0_15_0_5_i_1_n_0                                                            |                                                                                    |                2 |             12 |         6.00 |
|  main_crg_clkout_buf0 | main_basesoc_sdram_bankmachine7_row[12]_i_1_n_0                                         | sys_rst                                                                            |                3 |             13 |         4.33 |
|  main_crg_clkout_buf0 | main_basesoc_sdram_bankmachine2_row[12]_i_1_n_0                                         | sys_rst                                                                            |                3 |             13 |         4.33 |
|  main_crg_clkout_buf0 | main_basesoc_sdram_bankmachine6_row_col_n_addr_sel                                      | sys_rst                                                                            |                5 |             13 |         2.60 |
|  main_crg_clkout_buf0 | main_basesoc_sdram_bankmachine5_row[12]_i_1_n_0                                         | sys_rst                                                                            |                4 |             13 |         3.25 |
|  main_crg_clkout_buf0 | main_basesoc_sdram_bankmachine4_row_col_n_addr_sel                                      | sys_rst                                                                            |                3 |             13 |         4.33 |
|  main_crg_clkout_buf0 | main_basesoc_sdram_bankmachine3_row_col_n_addr_sel                                      | sys_rst                                                                            |                3 |             13 |         4.33 |
|  main_crg_clkout_buf0 | main_basesoc_sdram_phaseinjector1_address_storage[12]_i_1_n_0                           |                                                                                    |                6 |             13 |         2.17 |
|  main_crg_clkout_buf0 | main_basesoc_sdram_phaseinjector0_address_storage[12]_i_1_n_0                           |                                                                                    |                5 |             13 |         2.60 |
|  main_crg_clkout_buf0 | main_basesoc_sdram_bankmachine0_row_col_n_addr_sel                                      | sys_rst                                                                            |                3 |             13 |         4.33 |
|  main_crg_clkout_buf0 | main_basesoc_sdram_bankmachine1_row_col_n_addr_sel                                      | sys_rst                                                                            |                4 |             13 |         3.25 |
|  main_crg_clkout_buf0 | builder_csrbank2_index0_re                                                              | sys_rst                                                                            |                5 |             16 |         3.20 |
|  main_crg_clkout_buf0 |                                                                                         | builder_interface2_bank_bus_dat_r[15]_i_1_n_0                                      |                7 |             16 |         2.29 |
|  main_crg_clkout_buf0 | gemv_core/col[4]_i_1_n_0                                                                | sys_rst                                                                            |                7 |             18 |         2.57 |
|  main_crg_clkout_buf0 | gemv_core/dot4_r[29]_i_1_n_0                                                            |                                                                                    |                5 |             19 |         3.80 |
|  main_crg_clkout_buf0 | gemv_core/row[4]_i_1_n_0                                                                | sys_rst                                                                            |                6 |             19 |         3.17 |
|  main_crg_clkout_buf0 | VexRiscv/IBusCachedPlugin_cache/builder_count_reg_15_sn_1                               | VexRiscv/IBusCachedPlugin_cache/toplevel_dataCache_1_io_mem_cmd_s2mPipe_rValid_reg |                5 |             20 |         4.00 |
|  main_crg_clkout_buf0 | VexRiscv/IBusCachedPlugin_cache/builder_interface1_adr_next_value_ce1                   | FSM_onehot_builder_wishbone2csr_state_reg_n_0_[1]                                  |                7 |             21 |         3.00 |
|  main_crg_clkout_buf0 | main_basesoc_sdram_bankmachine5_syncfifo5_re                                            | sys_rst                                                                            |                7 |             23 |         3.29 |
|  main_crg_clkout_buf0 | main_basesoc_sdram_bankmachine6_syncfifo6_re                                            | sys_rst                                                                            |               10 |             23 |         2.30 |
|  main_crg_clkout_buf0 | main_basesoc_sdram_bankmachine2_syncfifo2_re                                            | sys_rst                                                                            |                7 |             23 |         3.29 |
|  main_crg_clkout_buf0 | main_basesoc_sdram_bankmachine1_syncfifo1_re                                            | sys_rst                                                                            |                8 |             23 |         2.88 |
|  main_crg_clkout_buf0 | main_basesoc_sdram_bankmachine0_syncfifo0_re                                            | sys_rst                                                                            |                6 |             23 |         3.83 |
|  main_crg_clkout_buf0 | main_basesoc_sdram_bankmachine4_syncfifo4_re                                            | sys_rst                                                                            |                9 |             23 |         2.56 |
|  main_crg_clkout_buf0 | main_basesoc_sdram_bankmachine3_syncfifo3_re                                            | sys_rst                                                                            |                8 |             23 |         2.88 |
|  main_crg_clkout_buf0 | main_basesoc_sdram_bankmachine7_syncfifo7_re                                            | sys_rst                                                                            |                7 |             23 |         3.29 |
|  main_crg_clkout_buf0 |                                                                                         | VexRiscv/dataCache_1/reset0                                                        |               12 |             24 |         2.00 |
|  main_crg_clkout_buf0 | main_a7ddrphy_bitslip8_value10                                                          | main_a7ddrphy_bitslip15_value1[0]                                                  |                8 |             24 |         3.00 |
|  main_crg_clkout_buf0 | main_a7ddrphy_bitslip0_value30                                                          | main_a7ddrphy_bitslip7_value1[0]                                                   |                7 |             24 |         3.43 |
|  main_crg_clkout_buf0 | builder_litedramnativeportconverter_next_state59_out                                    | sys_rst                                                                            |                8 |             24 |         3.00 |
|  main_crg_clkout_buf0 | VexRiscv/IBusCachedPlugin_cache/lineLoader_address[31]_i_1_n_0                          |                                                                                    |               14 |             27 |         1.93 |
|  main_crg_clkout_buf0 | VexRiscv/dataCache_1/execute_CsrPlugin_csr_773_reg[0]                                   |                                                                                    |                8 |             30 |         3.75 |
|  main_crg_clkout_buf0 | VexRiscv/IBusCachedPlugin_cache/IBusCachedPlugin_fetchPc_booted_reg                     | VexRiscv/dataCache_1/reset0                                                        |               12 |             30 |         2.50 |
|  main_crg_clkout_buf0 | VexRiscv/dataCache_1/stageB_mmuRsp_physicalAddress[30]_i_1_n_0                          |                                                                                    |               11 |             30 |         2.73 |
|  main_crg_clkout_buf0 | VexRiscv/dataCache_1/E[0]                                                               |                                                                                    |                9 |             30 |         3.33 |
|  main_crg_clkout_buf0 | main_a7ddrphy_bitslip0_value00                                                          | main_a7ddrphy_bitslip7_value0[0]                                                   |               17 |             30 |         1.76 |
|  main_crg_clkout_buf0 | main_a7ddrphy_bitslip1_value00                                                          | main_a7ddrphy_bitslip15_value0[0]                                                  |               15 |             30 |         2.00 |
|  main_crg_clkout_buf0 |                                                                                         | p_11_in                                                                            |                8 |             31 |         3.88 |
|  main_crg_clkout_buf0 |                                                                                         | main_basesoc_tx_phase[31]_i_1_n_0                                                  |                8 |             31 |         3.88 |
|  main_crg_clkout_buf0 | gemv_core/b_mem[59][31]_i_1_n_0                                                         |                                                                                    |               10 |             32 |         3.20 |
|  main_crg_clkout_buf0 |                                                                                         | builder_interface5_bank_bus_dat_r[31]_i_1_n_0                                      |               12 |             32 |         2.67 |
|  main_crg_clkout_buf0 | gemv_core/b_mem[47][31]_i_1_n_0                                                         |                                                                                    |               17 |             32 |         1.88 |
|  main_crg_clkout_buf0 |                                                                                         | builder_interface0_bank_bus_dat_r[31]_i_1_n_0                                      |               19 |             32 |         1.68 |
|  main_crg_clkout_buf0 |                                                                                         | builder_interface3_bank_bus_dat_r[31]_i_1_n_0                                      |               23 |             32 |         1.39 |
|  main_crg_clkout_buf0 |                                                                                         | builder_interface4_bank_bus_dat_r[31]_i_1_n_0                                      |               22 |             32 |         1.45 |
|  main_crg_clkout_buf0 | main_basesoc_sdram_bankmachine7_wrport_we__0                                            |                                                                                    |                4 |             32 |         8.00 |
|  main_crg_clkout_buf0 | VexRiscv/dataCache_1/execute_CsrPlugin_csr_833_reg[0]                                   |                                                                                    |               21 |             32 |         1.52 |
|  main_crg_clkout_buf0 | VexRiscv/dataCache_1/execute_CsrPlugin_csr_3008_reg[0]                                  | VexRiscv/dataCache_1/reset0                                                        |               12 |             32 |         2.67 |
|  main_crg_clkout_buf0 | gemv_core/b_mem[53][31]_i_1_n_0                                                         |                                                                                    |               10 |             32 |         3.20 |
|  main_crg_clkout_buf0 | VexRiscv/dataCache_1/memory_arbitration_isValid_reg_3[0]                                |                                                                                    |                8 |             32 |         4.00 |
|  main_crg_clkout_buf0 | builder_csrbank3_x_in0_re                                                               | sys_rst                                                                            |               19 |             32 |         1.68 |
|  main_crg_clkout_buf0 | gemv_core/b_mem[9][31]_i_1_n_0                                                          |                                                                                    |               20 |             32 |         1.60 |
|  main_crg_clkout_buf0 | gemv_core/b_mem[62][31]_i_1_n_0                                                         |                                                                                    |               25 |             32 |         1.28 |
|  main_crg_clkout_buf0 | gemv_core/b_mem[57][31]_i_1_n_0                                                         |                                                                                    |               13 |             32 |         2.46 |
|  main_crg_clkout_buf0 | gemv_core/b_mem[55][31]_i_1_n_0                                                         |                                                                                    |                8 |             32 |         4.00 |
|  main_crg_clkout_buf0 | gemv_core/b_mem[63][31]_i_1_n_0                                                         |                                                                                    |               21 |             32 |         1.52 |
|  main_crg_clkout_buf0 | gemv_core/b_mem[61][31]_i_1_n_0                                                         |                                                                                    |               12 |             32 |         2.67 |
|  main_crg_clkout_buf0 | main_w_in_storage[31]_i_1_n_0                                                           | sys_rst                                                                            |               10 |             32 |         3.20 |
|  main_crg_clkout_buf0 | main_b_in_storage[31]_i_1_n_0                                                           | sys_rst                                                                            |               16 |             32 |         2.00 |
|  main_crg_clkout_buf0 | gemv_core/b_mem[56][31]_i_1_n_0                                                         |                                                                                    |               11 |             32 |         2.91 |
|  main_crg_clkout_buf0 | main_basesoc_sdram_phaseinjector1_wrdata_storage[31]_i_1_n_0                            |                                                                                    |               15 |             32 |         2.13 |
|  main_crg_clkout_buf0 | builder_csrbank5_load0_re                                                               | sys_rst                                                                            |               10 |             32 |         3.20 |
|  main_crg_clkout_buf0 | builder_csrbank5_reload0_re                                                             | sys_rst                                                                            |                6 |             32 |         5.33 |
|  main_crg_clkout_buf0 | main_basesoc_timer_update_value_re                                                      | sys_rst                                                                            |                7 |             32 |         4.57 |
|  main_crg_clkout_buf0 | gemv_core/b_mem[52][31]_i_1_n_0                                                         |                                                                                    |               10 |             32 |         3.20 |
|  main_crg_clkout_buf0 | main_basesoc_sdram_bankmachine2_wrport_we__0                                            |                                                                                    |                4 |             32 |         8.00 |
|  main_crg_clkout_buf0 | gemv_core/b_mem[54][31]_i_1_n_0                                                         |                                                                                    |               11 |             32 |         2.91 |
|  main_crg_clkout_buf0 | gemv_core/b_mem[27][31]_i_1_n_0                                                         |                                                                                    |               18 |             32 |         1.78 |
|  main_crg_clkout_buf0 | gemv_core/b_mem[58][31]_i_1_n_0                                                         |                                                                                    |               13 |             32 |         2.46 |
|  main_crg_clkout_buf0 | gemv_core/b_mem[48][31]_i_1_n_0                                                         |                                                                                    |               24 |             32 |         1.33 |
|  main_crg_clkout_buf0 | gemv_core/b_mem[60][31]_i_1_n_0                                                         |                                                                                    |               14 |             32 |         2.29 |
|  main_crg_clkout_buf0 | gemv_core/b_mem[18][31]_i_1_n_0                                                         |                                                                                    |               16 |             32 |         2.00 |
|  main_crg_clkout_buf0 | gemv_core/b_mem[12][31]_i_1_n_0                                                         |                                                                                    |                9 |             32 |         3.56 |
|  main_crg_clkout_buf0 | gemv_core/b_mem[40][31]_i_1_n_0                                                         |                                                                                    |               13 |             32 |         2.46 |
|  main_crg_clkout_buf0 | gemv_core/b_mem[22][31]_i_1_n_0                                                         |                                                                                    |               15 |             32 |         2.13 |
|  main_crg_clkout_buf0 | gemv_core/b_mem[26][31]_i_1_n_0                                                         |                                                                                    |               15 |             32 |         2.13 |
|  main_crg_clkout_buf0 | gemv_core/b_mem[0][31]_i_1_n_0                                                          |                                                                                    |                7 |             32 |         4.57 |
|  main_crg_clkout_buf0 | main_basesoc_bus_errors[0]                                                              | sys_rst                                                                            |                8 |             32 |         4.00 |
|  main_crg_clkout_buf0 | gemv_core/b_mem[20][31]_i_1_n_0                                                         |                                                                                    |               14 |             32 |         2.29 |
|  main_crg_clkout_buf0 | gemv_core/b_mem[32][31]_i_1_n_0                                                         |                                                                                    |               22 |             32 |         1.45 |
|  main_crg_clkout_buf0 | gemv_core/b_mem[34][31]_i_1_n_0                                                         |                                                                                    |               14 |             32 |         2.29 |
|  main_crg_clkout_buf0 | gemv_core/b_mem[8][31]_i_1_n_0                                                          |                                                                                    |               16 |             32 |         2.00 |
|  main_crg_clkout_buf0 | gemv_core/b_mem[30][31]_i_1_n_0                                                         |                                                                                    |               17 |             32 |         1.88 |
|  main_crg_clkout_buf0 | builder_csrbank0_scratch0_re                                                            | sys_rst                                                                            |               10 |             32 |         3.20 |
|  main_crg_clkout_buf0 | gemv_core/b_mem[28][31]_i_1_n_0                                                         |                                                                                    |               18 |             32 |         1.78 |
|  main_crg_clkout_buf0 | gemv_core/b_mem[24][31]_i_1_n_0                                                         |                                                                                    |               13 |             32 |         2.46 |
|  main_crg_clkout_buf0 | gemv_core/b_mem[1][31]_i_1_n_0                                                          |                                                                                    |                8 |             32 |         4.00 |
|  main_crg_clkout_buf0 | gemv_core/b_mem[16][31]_i_1_n_0                                                         |                                                                                    |               14 |             32 |         2.29 |
|  main_crg_clkout_buf0 | gemv_core/b_mem[38][31]_i_1_n_0                                                         |                                                                                    |               12 |             32 |         2.67 |
|  main_crg_clkout_buf0 | gemv_core/b_mem[45][31]_i_1_n_0                                                         |                                                                                    |                9 |             32 |         3.56 |
|  main_crg_clkout_buf0 | gemv_core/b_mem[11][31]_i_1_n_0                                                         |                                                                                    |                9 |             32 |         3.56 |
|  main_crg_clkout_buf0 | gemv_core/b_mem[13][31]_i_1_n_0                                                         |                                                                                    |               12 |             32 |         2.67 |
|  main_crg_clkout_buf0 | gemv_core/b_mem[29][31]_i_1_n_0                                                         |                                                                                    |               18 |             32 |         1.78 |
|  main_crg_clkout_buf0 | main_basesoc_sdram_phaseinjector0_wrdata_storage[31]_i_1_n_0                            |                                                                                    |               12 |             32 |         2.67 |
|  main_crg_clkout_buf0 | gemv_core/b_mem[44][31]_i_1_n_0                                                         |                                                                                    |               16 |             32 |         2.00 |
|  main_crg_clkout_buf0 | gemv_core/b_mem[4][31]_i_1_n_0                                                          |                                                                                    |               12 |             32 |         2.67 |
|  main_crg_clkout_buf0 | gemv_core/b_mem[2][31]_i_1_n_0                                                          |                                                                                    |               11 |             32 |         2.91 |
|  main_crg_clkout_buf0 | gemv_core/b_mem[50][31]_i_1_n_0                                                         |                                                                                    |               10 |             32 |         3.20 |
|  main_crg_clkout_buf0 | gemv_core/b_mem[3][31]_i_1_n_0                                                          |                                                                                    |               11 |             32 |         2.91 |
|  main_crg_clkout_buf0 | gemv_core/b_mem[14][31]_i_1_n_0                                                         |                                                                                    |               18 |             32 |         1.78 |
|  main_crg_clkout_buf0 | gemv_core/b_mem[10][31]_i_1_n_0                                                         |                                                                                    |               12 |             32 |         2.67 |
|  main_crg_clkout_buf0 | gemv_core/b_mem[6][31]_i_1_n_0                                                          |                                                                                    |               14 |             32 |         2.29 |
|  main_crg_clkout_buf0 | gemv_core/b_mem[46][31]_i_1_n_0                                                         |                                                                                    |               20 |             32 |         1.60 |
|  main_crg_clkout_buf0 | gemv_core/b_mem[42][31]_i_1_n_0                                                         |                                                                                    |               18 |             32 |         1.78 |
|  main_crg_clkout_buf0 | gemv_core/b_mem[36][31]_i_1_n_0                                                         |                                                                                    |               15 |             32 |         2.13 |
|  main_crg_clkout_buf0 | gemv_core/b_mem[43][31]_i_1_n_0                                                         |                                                                                    |               16 |             32 |         2.00 |
|  main_crg_clkout_buf0 | gemv_core/b_mem[31][31]_i_1_n_0                                                         |                                                                                    |               15 |             32 |         2.13 |
|  main_crg_clkout_buf0 | gemv_core/b_mem[51][31]_i_1_n_0                                                         |                                                                                    |               12 |             32 |         2.67 |
|  main_crg_clkout_buf0 | gemv_core/b_mem[39][31]_i_1_n_0                                                         |                                                                                    |               12 |             32 |         2.67 |
|  main_crg_clkout_buf0 | gemv_core/b_mem[35][31]_i_1_n_0                                                         |                                                                                    |               14 |             32 |         2.29 |
|  main_crg_clkout_buf0 | gemv_core/b_mem[33][31]_i_1_n_0                                                         |                                                                                    |               11 |             32 |         2.91 |
|  main_crg_clkout_buf0 | gemv_core/b_mem[17][31]_i_1_n_0                                                         |                                                                                    |               15 |             32 |         2.13 |
|  main_crg_clkout_buf0 | gemv_core/b_mem[21][31]_i_1_n_0                                                         |                                                                                    |                8 |             32 |         4.00 |
|  main_crg_clkout_buf0 | gemv_core/b_mem[49][31]_i_1_n_0                                                         |                                                                                    |               12 |             32 |         2.67 |
|  main_crg_clkout_buf0 | gemv_core/b_mem[41][31]_i_1_n_0                                                         |                                                                                    |               16 |             32 |         2.00 |
|  main_crg_clkout_buf0 | gemv_core/b_mem[25][31]_i_1_n_0                                                         |                                                                                    |               17 |             32 |         1.88 |
|  main_crg_clkout_buf0 | gemv_core/b_mem[23][31]_i_1_n_0                                                         |                                                                                    |               13 |             32 |         2.46 |
|  main_crg_clkout_buf0 | main_basesoc_sdram_bankmachine1_wrport_we__0                                            |                                                                                    |                4 |             32 |         8.00 |
|  main_crg_clkout_buf0 | VexRiscv/IBusCachedPlugin_cache/CsrPlugin_exceptionPortCtrl_exceptionContext_badAddr[0] |                                                                                    |               16 |             32 |         2.00 |
|  main_crg_clkout_buf0 | gemv_core/b_mem[19][31]_i_1_n_0                                                         |                                                                                    |               12 |             32 |         2.67 |
|  main_crg_clkout_buf0 | gemv_core/b_mem[15][31]_i_1_n_0                                                         |                                                                                    |                8 |             32 |         4.00 |
|  main_crg_clkout_buf0 | VexRiscv/memory_DivPlugin_accumulator[31]_i_1_n_0                                       | VexRiscv/dataCache_1/memory_DivPlugin_div_counter_willClear                        |                6 |             32 |         5.33 |
|  main_crg_clkout_buf0 | VexRiscv/memory_DivPlugin_div_result[0]                                                 |                                                                                    |                8 |             32 |         4.00 |
|  main_crg_clkout_buf0 | VexRiscv/CsrPlugin_hadException                                                         |                                                                                    |                6 |             32 |         5.33 |
|  main_crg_clkout_buf0 | gemv_core/b_mem[37][31]_i_1_n_0                                                         |                                                                                    |               12 |             32 |         2.67 |
|  main_crg_clkout_buf0 | gemv_core/b_mem[5][31]_i_1_n_0                                                          |                                                                                    |               17 |             32 |         1.88 |
|  main_crg_clkout_buf0 | gemv_core/b_mem[7][31]_i_1_n_0                                                          |                                                                                    |               19 |             32 |         1.68 |
|  main_crg_clkout_buf0 | main_basesoc_sdram_bankmachine6_wrport_we__0                                            |                                                                                    |                4 |             32 |         8.00 |
|  main_crg_clkout_buf0 | main_basesoc_sdram_bankmachine5_wrport_we__0                                            |                                                                                    |                4 |             32 |         8.00 |
|  main_crg_clkout_buf0 | main_basesoc_sdram_bankmachine4_wrport_we__0                                            |                                                                                    |                4 |             32 |         8.00 |
|  main_crg_clkout_buf0 | main_basesoc_sdram_bankmachine3_wrport_we__0                                            |                                                                                    |                4 |             32 |         8.00 |
|  main_crg_clkout_buf0 | main_basesoc_sdram_bankmachine0_wrport_we__0                                            |                                                                                    |                4 |             32 |         8.00 |
|  main_crg_clkout_buf0 | builder_interface1_dat_w_next_value_ce0                                                 |                                                                                    |               12 |             32 |         2.67 |
|  main_crg_clkout_buf0 | gemv_core/acc[31]_i_1_n_0                                                               | sys_rst                                                                            |               20 |             37 |         1.85 |
|  main_crg_clkout_buf0 | gemv_core/p_0_in                                                                        |                                                                                    |               11 |             44 |         4.00 |
|  main_crg_clkout_buf0 | gemv_core/x_mem_reg_0_15_0_5_i_1_n_0                                                    |                                                                                    |                6 |             44 |         7.33 |
|  main_crg_clkout_buf0 | gemv_core/w_mem_reg_832_895_0_2_i_1_n_0                                                 |                                                                                    |               11 |             44 |         4.00 |
|  main_crg_clkout_buf0 | gemv_core/w_mem_reg_896_959_0_2_i_1_n_0                                                 |                                                                                    |               11 |             44 |         4.00 |
|  main_crg_clkout_buf0 | gemv_core/w_mem_reg_640_703_0_2_i_1_n_0                                                 |                                                                                    |               11 |             44 |         4.00 |
|  main_crg_clkout_buf0 | gemv_core/w_mem_reg_768_831_0_2_i_1_n_0                                                 |                                                                                    |               11 |             44 |         4.00 |
|  main_crg_clkout_buf0 | gemv_core/w_mem_reg_960_1023_0_2_i_1_n_0                                                |                                                                                    |               11 |             44 |         4.00 |
|  main_crg_clkout_buf0 | gemv_core/w_mem_reg_704_767_0_2_i_1_n_0                                                 |                                                                                    |               11 |             44 |         4.00 |
|  main_crg_clkout_buf0 | gemv_core/w_mem_reg_320_383_0_2_i_1_n_0                                                 |                                                                                    |               11 |             44 |         4.00 |
|  main_crg_clkout_buf0 | gemv_core/w_mem_reg_64_127_0_2_i_1_n_0                                                  |                                                                                    |               11 |             44 |         4.00 |
|  main_crg_clkout_buf0 | gemv_core/w_mem_reg_384_447_0_2_i_1_n_0                                                 |                                                                                    |               11 |             44 |         4.00 |
|  main_crg_clkout_buf0 | gemv_core/w_mem_reg_448_511_0_2_i_1_n_0                                                 |                                                                                    |               11 |             44 |         4.00 |
|  main_crg_clkout_buf0 | gemv_core/w_mem_reg_576_639_0_2_i_1_n_0                                                 |                                                                                    |               11 |             44 |         4.00 |
|  main_crg_clkout_buf0 | gemv_core/w_mem_reg_256_319_0_2_i_1_n_0                                                 |                                                                                    |               11 |             44 |         4.00 |
|  main_crg_clkout_buf0 | gemv_core/w_mem_reg_128_191_0_2_i_1_n_0                                                 |                                                                                    |               11 |             44 |         4.00 |
|  main_crg_clkout_buf0 | gemv_core/w_mem_reg_512_575_0_2_i_1_n_0                                                 |                                                                                    |               11 |             44 |         4.00 |
|  main_crg_clkout_buf0 | gemv_core/w_mem_reg_192_255_0_2_i_1_n_0                                                 |                                                                                    |               11 |             44 |         4.00 |
|  main_crg_clkout_buf0 | gemv_core/w_mem_reg_0_63_0_2_i_1_n_0                                                    |                                                                                    |               11 |             44 |         4.00 |
|  main_crg_clkout_buf0 | gemv_core/w_word_c[31]_i_1_n_0                                                          |                                                                                    |               31 |             64 |         2.06 |
|  main_crg_clkout_buf0 | main_basesoc_sdram_phaseinjector0_rddata_status[31]_i_1_n_0                             | sys_rst                                                                            |               24 |             64 |         2.67 |
|  main_crg_clkout_buf0 | p_2_out[79]                                                                             | sys_rst                                                                            |               30 |             64 |         2.13 |
|  main_crg_clkout_buf0 | p_2_out[15]                                                                             | sys_rst                                                                            |               32 |             64 |         2.00 |
|  main_crg_clkout_buf0 | VexRiscv/IBusCachedPlugin_cache/decodeStage_hit_error_reg_0                             |                                                                                    |               24 |             64 |         2.67 |
|  main_crg_clkout_buf0 | VexRiscv/toplevel_dataCache_1_io_mem_cmd_rValidN                                        |                                                                                    |               16 |             70 |         4.38 |
|  main_crg_clkout_buf0 | VexRiscv/IBusCachedPlugin_cache/E[0]                                                    |                                                                                    |               16 |             70 |         4.38 |
|  main_crg_clkout_buf0 | VexRiscv/dataCache_1/when_CsrPlugin_l1259_3                                             |                                                                                    |               58 |            140 |         2.41 |
|  main_crg_clkout_buf0 | VexRiscv/dataCache_1/execute_arbitration_isValid_reg_4[0]                               |                                                                                    |               65 |            162 |         2.49 |
|  main_crg_clkout_buf0 | VexRiscv/dataCache_1/memory_DivPlugin_div_counter_willClear                             |                                                                                    |               77 |            216 |         2.81 |
|  main_crg_clkout_buf0 |                                                                                         | sys_rst                                                                            |              116 |            252 |         2.17 |
|  main_crg_clkout_buf0 |                                                                                         |                                                                                    |              217 |            495 |         2.28 |
+-----------------------+-----------------------------------------------------------------------------------------+------------------------------------------------------------------------------------+------------------+----------------+--------------+


